Component: Arm Compiler for Embedded 6.24 Tool: armlink [5f371500]

==============================================================================

Section Cross References

    startup_stm32f407xx.o(STACK) refers (Special) to heapauxi.o(.text) for __use_two_region_memory
    startup_stm32f407xx.o(HEAP) refers (Special) to heapauxi.o(.text) for __use_two_region_memory
    startup_stm32f407xx.o(RESET) refers (Special) to heapauxi.o(.text) for __use_two_region_memory
    startup_stm32f407xx.o(RESET) refers to startup_stm32f407xx.o(STACK) for __initial_sp
    startup_stm32f407xx.o(RESET) refers to startup_stm32f407xx.o(.text) for Reset_Handler
    startup_stm32f407xx.o(RESET) refers to stm32f4xx_it.o(.text.NMI_Handler) for NMI_Handler
    startup_stm32f407xx.o(RESET) refers to stm32f4xx_it.o(.text.HardFault_Handler) for HardFault_Handler
    startup_stm32f407xx.o(RESET) refers to stm32f4xx_it.o(.text.MemManage_Handler) for MemManage_Handler
    startup_stm32f407xx.o(RESET) refers to stm32f4xx_it.o(.text.BusFault_Handler) for BusFault_Handler
    startup_stm32f407xx.o(RESET) refers to stm32f4xx_it.o(.text.UsageFault_Handler) for UsageFault_Handler
    startup_stm32f407xx.o(RESET) refers to stm32f4xx_it.o(.text.SVC_Handler) for SVC_Handler
    startup_stm32f407xx.o(RESET) refers to stm32f4xx_it.o(.text.DebugMon_Handler) for DebugMon_Handler
    startup_stm32f407xx.o(RESET) refers to stm32f4xx_it.o(.text.PendSV_Handler) for PendSV_Handler
    startup_stm32f407xx.o(RESET) refers to stm32f4xx_it.o(.text.SysTick_Handler) for SysTick_Handler
    startup_stm32f407xx.o(RESET) refers to stm32f4xx_it.o(.text.DMA1_Stream1_IRQHandler) for DMA1_Stream1_IRQHandler
    startup_stm32f407xx.o(RESET) refers to stm32f4xx_it.o(.text.CAN1_RX0_IRQHandler) for CAN1_RX0_IRQHandler
    startup_stm32f407xx.o(RESET) refers to stm32f4xx_it.o(.text.USART1_IRQHandler) for USART1_IRQHandler
    startup_stm32f407xx.o(RESET) refers to stm32f4xx_it.o(.text.USART3_IRQHandler) for USART3_IRQHandler
    startup_stm32f407xx.o(RESET) refers to stm32f4xx_it.o(.text.CAN2_RX0_IRQHandler) for CAN2_RX0_IRQHandler
    startup_stm32f407xx.o(RESET) refers to main.o(.text.CAN2_RX1_IRQHandler) for CAN2_RX1_IRQHandler
    startup_stm32f407xx.o(.text) refers (Special) to heapauxi.o(.text) for __use_two_region_memory
    startup_stm32f407xx.o(.text) refers to system_stm32f4xx.o(.text.SystemInit) for SystemInit
    startup_stm32f407xx.o(.text) refers to __main.o(!!!main) for __main
    startup_stm32f407xx.o(.text) refers to startup_stm32f407xx.o(HEAP) for Heap_Mem
    startup_stm32f407xx.o(.text) refers to startup_stm32f407xx.o(STACK) for Stack_Mem
    main.o(.text) refers (Special) to _printf_percent.o(.ARM.Collect$$_printf_percent$$00000000) for _printf_percent
    main.o(.text) refers (Special) to _printf_d.o(.ARM.Collect$$_printf_percent$$00000009) for _printf_d
    main.o(.text) refers (Special) to _printf_u.o(.ARM.Collect$$_printf_percent$$0000000A) for _printf_u
    main.o(.text) refers (Special) to _printf_dec.o(.text) for _printf_int_dec
    main.o(.text.CAN2_RX1_IRQHandler) refers (Special) to _printf_percent.o(.ARM.Collect$$_printf_percent$$00000000) for _printf_percent
    main.o(.text.CAN2_RX1_IRQHandler) refers (Special) to _printf_d.o(.ARM.Collect$$_printf_percent$$00000009) for _printf_d
    main.o(.text.CAN2_RX1_IRQHandler) refers (Special) to _printf_u.o(.ARM.Collect$$_printf_percent$$0000000A) for _printf_u
    main.o(.text.CAN2_RX1_IRQHandler) refers (Special) to _printf_dec.o(.text) for _printf_int_dec
    main.o(.text.CAN2_RX1_IRQHandler) refers to can.o(.bss.hcan2) for hcan2
    main.o(.text.CAN2_RX1_IRQHandler) refers to stm32f4xx_hal_can.o(.text.HAL_CAN_IRQHandler) for HAL_CAN_IRQHandler
    main.o(.ARM.exidx.text.CAN2_RX1_IRQHandler) refers (Special) to _printf_percent.o(.ARM.Collect$$_printf_percent$$00000000) for _printf_percent
    main.o(.ARM.exidx.text.CAN2_RX1_IRQHandler) refers (Special) to _printf_d.o(.ARM.Collect$$_printf_percent$$00000009) for _printf_d
    main.o(.ARM.exidx.text.CAN2_RX1_IRQHandler) refers (Special) to _printf_u.o(.ARM.Collect$$_printf_percent$$0000000A) for _printf_u
    main.o(.ARM.exidx.text.CAN2_RX1_IRQHandler) refers (Special) to _printf_dec.o(.text) for _printf_int_dec
    main.o(.ARM.exidx.text.CAN2_RX1_IRQHandler) refers to main.o(.text.CAN2_RX1_IRQHandler) for [Anonymous Symbol]
    main.o(.text.HAL_CAN_RxFifo1MsgPendingCallback) refers (Special) to _printf_percent.o(.ARM.Collect$$_printf_percent$$00000000) for _printf_percent
    main.o(.text.HAL_CAN_RxFifo1MsgPendingCallback) refers (Special) to _printf_d.o(.ARM.Collect$$_printf_percent$$00000009) for _printf_d
    main.o(.text.HAL_CAN_RxFifo1MsgPendingCallback) refers (Special) to _printf_u.o(.ARM.Collect$$_printf_percent$$0000000A) for _printf_u
    main.o(.text.HAL_CAN_RxFifo1MsgPendingCallback) refers (Special) to _printf_dec.o(.text) for _printf_int_dec
    main.o(.text.HAL_CAN_RxFifo1MsgPendingCallback) refers to can.o(.bss.hcan2) for hcan2
[...]
    [Anonymous Symbol]                       0x080016d4   Section        0  stm32f4xx_hal_can.o(.text.HAL_CAN_WakeUpFromRxMsgCallback)
    [Anonymous Symbol]                       0x080016d8   Section        0  stm32f4xx_hal_dma.o(.text.HAL_DMA_Abort)
    [Anonymous Symbol]                       0x08001764   Section        0  stm32f4xx_hal_dma.o(.text.HAL_DMA_Abort_IT)
    [Anonymous Symbol]                       0x08001788   Section        0  stm32f4xx_hal_dma.o(.text.HAL_DMA_IRQHandler)
    [Anonymous Symbol]                       0x08001910   Section        0  stm32f4xx_hal_dma.o(.text.HAL_DMA_Init)
    [Anonymous Symbol]                       0x08001a50   Section        0  stm32f4xx_hal_dma.o(.text.HAL_DMA_Start_IT)
    [Anonymous Symbol]                       0x08001afc   Section        0  stm32f4xx_hal.o(.text.HAL_Delay)
    [Anonymous Symbol]                       0x08001b24   Section        0  stm32f4xx_hal_gpio.o(.text.HAL_GPIO_Init)
    [Anonymous Symbol]                       0x08001cb4   Section        0  stm32f4xx_hal.o(.text.HAL_GetTick)
    [Anonymous Symbol]                       0x08001cc0   Section        0  stm32f4xx_hal.o(.text.HAL_IncTick)
    [Anonymous Symbol]                       0x08001cdc   Section        0  stm32f4xx_hal.o(.text.HAL_Init)
    [Anonymous Symbol]                       0x08001d14   Section        0  stm32f4xx_hal.o(.text.HAL_InitTick)
    [Anonymous Symbol]                       0x08001d64   Section        0  stm32f4xx_hal_msp.o(.text.HAL_MspInit)
    [Anonymous Symbol]                       0x08001d9c   Section        0  stm32f4xx_hal_cortex.o(.text.HAL_NVIC_EnableIRQ)
    [Anonymous Symbol]                       0x08001dc0   Section        0  stm32f4xx_hal_cortex.o(.text.HAL_NVIC_SetPriority)
    [Anonymous Symbol]                       0x08001e18   Section        0  stm32f4xx_hal_cortex.o(.text.HAL_NVIC_SetPriorityGrouping)
    [Anonymous Symbol]                       0x08001e38   Section        0  stm32f4xx_hal_rcc.o(.text.HAL_RCC_ClockConfig)
    [Anonymous Symbol]                       0x08001f90   Section        0  stm32f4xx_hal_rcc.o(.text.HAL_RCC_GetPCLK1Freq)
    [Anonymous Symbol]                       0x08001fb8   Section        0  stm32f4xx_hal_rcc.o(.text.HAL_RCC_GetPCLK2Freq)
    [Anonymous Symbol]                       0x08001fe0   Section        0  stm32f4xx_hal_rcc.o(.text.HAL_RCC_GetSysClockFreq)
    [Anonymous Symbol]                       0x0800204c   Section        0  stm32f4xx_hal_rcc.o(.text.HAL_RCC_OscConfig)
    [Anonymous Symbol]                       0x08002354   Section        0  stm32f4xx_hal_cortex.o(.text.HAL_SYSTICK_Config)
    [Anonymous Symbol]                       0x08002380   Section        0  stm32f4xx_hal_uart.o(.text.HAL_UART_DMAStop)
    [Anonymous Symbol]                       0x080023f8   Section        0  main.o(.text.HAL_UART_ErrorCallback)
    [Anonymous Symbol]                       0x08002468   Section        0  stm32f4xx_hal_uart.o(.text.HAL_UART_IRQHandler)
    [Anonymous Symbol]                       0x080025e8   Section        0  stm32f4xx_hal_uart.o(.text.HAL_UART_Init)
    [Anonymous Symbol]                       0x08002648   Section        0  usart.o(.text.HAL_UART_MspInit)
    [Anonymous Symbol]                       0x08002828   Section        0  stm32f4xx_hal_uart.o(.text.HAL_UART_Receive_DMA)
    [Anonymous Symbol]                       0x080028d8   Section        0  stm32f4xx_hal_uart.o(.text.HAL_UART_Receive_IT)
    [Anonymous Symbol]                       0x0800292c   Section        0  main.o(.text.HAL_UART_RxCpltCallback)
    [Anonymous Symbol]                       0x08002e48   Section        0  stm32f4xx_hal_uart.o(.text.HAL_UART_RxHalfCpltCallback)
    [Anonymous Symbol]                       0x08002e4c   Section        0  stm32f4xx_hal_uart.o(.text.HAL_UART_Transmit)
    [Anonymous Symbol]                       0x08002f84   Section        0  stm32f4xx_hal_uart.o(.text.HAL_UART_TxCpltCallback)
    [Anonymous Symbol]                       0x08002f88   Section        0  stm32f4xx_it.o(.text.HardFault_Handler)
    [Anonymous Symbol]                       0x08002f8c   Section        0  can.o(.text.MX_CAN1_Init)
    [Anonymous Symbol]                       0x08002fcc   Section        0  can.o(.text.MX_CAN2_Init)
    [Anonymous Symbol]                       0x0800300c   Section        0  dma.o(.text.MX_DMA_Init)
    [Anonymous Symbol]                       0x08003044   Section        0  gpio.o(.text.MX_GPIO_Init)
    [Anonymous Symbol]                       0x080030cc   Section        0  usart.o(.text.MX_USART1_UART_Init)
    [Anonymous Symbol]                       0x08003108   Section        0  usart.o(.text.MX_USART3_UART_Init)
    [Anonymous Symbol]                       0x08003150   Section        0  usart.o(.text.MX_USART6_UART_Init)
    [Anonymous Symbol]                       0x0800318c   Section        0  stm32f4xx_it.o(.text.MemManage_Handler)
    [Anonymous Symbol]                       0x08003190   Section        0  stm32f4xx_it.o(.text.NMI_Handler)
    [Anonymous Symbol]                       0x08003194   Section        0  stm32f4xx_it.o(.text.PendSV_Handler)
    [Anonymous Symbol]                       0x08003198   Section        0  stm32f4xx_it.o(.text.SVC_Handler)
    [Anonymous Symbol]                       0x0800319c   Section        0  stm32f4xx_it.o(.text.SysTick_Handler)
    [Anonymous Symbol]                       0x080031a0   Section        0  system_stm32f4xx.o(.text.SystemInit)
    UART_DMAAbortOnError                     0x080031f9   Thumb Code    12  stm32f4xx_hal_uart.o(.text.UART_DMAAbortOnError)
    [Anonymous Symbol]                       0x080031f8   Section        0  stm32f4xx_hal_uart.o(.text.UART_DMAAbortOnError)
    UART_DMAError                            0x08003205   Thumb Code    92  stm32f4xx_hal_uart.o(.text.UART_DMAError)
    [Anonymous Symbol]                       0x08003204   Section        0  stm32f4xx_hal_uart.o(.text.UART_DMAError)
    UART_DMAReceiveCplt                      0x08003261   Thumb Code    54  stm32f4xx_hal_uart.o(.text.UART_DMAReceiveCplt)
    [Anonymous Symbol]                       0x08003260   Section        0  stm32f4xx_hal_uart.o(.text.UART_DMAReceiveCplt)
    UART_DMARxHalfCplt                       0x08003299   Thumb Code     6  stm32f4xx_hal_uart.o(.text.UART_DMARxHalfCplt)
    [Anonymous Symbol]                       0x08003298   Section        0  stm32f4xx_hal_uart.o(.text.UART_DMARxHalfCplt)
    UART_Receive_IT                          0x080032a1   Thumb Code   118  stm32f4xx_hal_uart.o(.text.UART_Receive_IT)
    [Anonymous Symbol]                       0x080032a0   Section        0  stm32f4xx_hal_uart.o(.text.UART_Receive_IT)
    UART_SetConfig                           0x08003319   Thumb Code   596  stm32f4xx_hal_uart.o(.text.UART_SetConfig)
    [Anonymous Symbol]                       0x08003318   Section        0  stm32f4xx_hal_uart.o(.text.UART_SetConfig)
    [Anonymous Symbol]                       0x0800356c   Section        0  stm32f4xx_it.o(.text.USART1_IRQHandler)
    [Anonymous Symbol]                       0x08003578   Section        0  stm32f4xx_it.o(.text.USART3_IRQHandler)
    [Anonymous Symbol]                       0x08003590   Section        0  stm32f4xx_it.o(.text.UsageFault_Handler)
    ZDT42_Stop                               0x08003595   Thumb Code   136  main.o(.text.ZDT42_Stop)
    [Anonymous Symbol]                       0x08003594   Section        0  main.o(.text.ZDT42_Stop)
    [Anonymous Symbol]                       0x0800361c   Section        0  bsp_can.o(.text.can_filter_init)
    chassis_speed_set                        0x08003681   Thumb Code   668  main.o(.text.chassis_speed_set)
    [Anonymous Symbol]                       0x08003680   Section        0  main.o(.text.chassis_speed_set)
    [Anonymous Symbol]                       0x08003930   Section        0  can_receive.o(.text.get_chassis_motor_measure_point)
    [Anonymous Symbol]                       0x08003948   Section        0  i6x.o(.text.get_i6x_point)
    [Anonymous Symbol]                       0x08003954   Section        0  i6x_receive.o(.text.i6x_remote_init)
    [Anonymous Symbol]                       0x08003998   Section        0  i6x_receive.o(.text.i6x_remote_uart_idle_handler)
    [Anonymous Symbol]                       0x08003a00   Section        0  main.o(.text.main)
    __arm_cp.4_15                            0x08003e6c   Number         4  main.o(.text.main)
    __arm_cp.4_16                            0x08003e70   Number         4  main.o(.text.main)
    __arm_cp.4_17                            0x08003e74   Number         4  main.o(.text.main)
    __arm_cp.4_18                            0x08003e78   Number         4  main.o(.text.main)
    __arm_cp.4_19                            0x08003e7c   Number         4  main.o(.text.main)
    __arm_cp.4_20                            0x08003e80   Number         4  main.o(.text.main)
    __arm_cp.4_21                            0x08003e84   Number         4  main.o(.text.main)
    __arm_cp.4_22                            0x08003e88   Number         4  main.o(.text.main)
    __arm_cp.4_23                            0x08003e8c   Number         4  main.o(.text.main)
    __arm_cp.4_24                            0x08003e90   Number         4  main.o(.text.main)
    __arm_cp.4_25                            0x08003e94   Number         4  main.o(.text.main)
    __arm_cp.4_26                            0x08004910   Number         4  main.o(.text.main)
    __arm_cp.4_27                            0x08004914   Number         4  main.o(.text.main)
    __arm_cp.4_28                            0x080049ac   Number         4  main.o(.text.main)
    [Anonymous Symbol]                       0x08004d34   Section        0  i6x.o(.text.sbus_to_i6x)
    locale$$code                             0x08004eac   Section       44  lc_ctype_c.o(locale$$code)
    $v0                                      0x08004ed8   Number         0  fpinit.o(x$fpl$fpinit)
    x$fpl$fpinit                             0x08004ed8   Section       26  fpinit.o(x$fpl$fpinit)
    DMA_CalcBaseAndBitshift.flagBitshiftOffset 0x08004f0a   Data           8  stm32f4xx_hal_dma.o(.rodata.cst8)
    [Anonymous Symbol]                       0x08004f0a   Section        0  stm32f4xx_hal_dma.o(.rodata.cst8)
    .L.str.10                                0x08004f12   Data         113  main.o(.rodata.str1.1)
    [Anonymous Symbol]                       0x08004f12   Section        0  main.o(.rodata.str1.1)
    locale$$data                             0x08004fa4   Section      272  lc_ctype_c.o(locale$$data)
    __lcctype_c_name                         0x08004fa8   Data           2  lc_ctype_c.o(locale$$data)
    __lcctype_c_start                        0x08004fb0   Data           0  lc_ctype_c.o(locale$$data)
    __lcctype_c_end                          0x080050b4   Data           0  lc_ctype_c.o(locale$$data)
    .bss                                     0x20000010   Section       96  libspace.o(.bss)
    DM_Remote_Control.last_dm_tick           0x20000070   Data           4  main.o(.bss.DM_Remote_Control.last_dm_tick)
    [Anonymous Symbol]                       0x20000070   Section        0  main.o(.bss.DM_Remote_Control.last_dm_tick)
    DM_Vision_Control.last_dm_tick           0x20000074   Data           4  main.o(.bss.DM_Vision_Control.last_dm_tick)
    [Anonymous Symbol]                       0x20000074   Section        0  main.o(.bss.DM_Vision_Control.last_dm_tick)
    HAL_RCC_CAN1_CLK_ENABLED                 0x20000078   Data           4  can.o(.bss.HAL_RCC_CAN1_CLK_ENABLED)
    [Anonymous Symbol]                       0x20000078   Section        0  can.o(.bss.HAL_RCC_CAN1_CLK_ENABLED)
    Telemetry_Send_DM3.last_tx_tick          0x2000007c   Data           4  main.o(.bss.Telemetry_Send_DM3.last_tx_tick)
    [Anonymous Symbol]                       0x2000007c   Section        0  main.o(.bss.Telemetry_Send_DM3.last_tx_tick)
    ZDT42_Remote_Control.last_zdt42_tick     0x20000080   Data           4  main.o(.bss.ZDT42_Remote_Control.last_zdt42_tick)
    [Anonymous Symbol]                       0x20000080   Section        0  main.o(.bss.ZDT42_Remote_Control.last_zdt42_tick)
    ZDT57_Remote_Control.last_zdt_tick       0x20000084   Data           4  main.o(.bss.ZDT57_Remote_Control.last_zdt_tick)
    [Anonymous Symbol]                       0x20000084   Section        0  main.o(.bss.ZDT57_Remote_Control.last_zdt_tick)
    chassis_can_send_data                    0x20000088   Data           8  can_receive.o(.bss.chassis_can_send_data)
    [Anonymous Symbol]                       0x20000088   Section        0  can_receive.o(.bss.chassis_can_send_data)
    chassis_tx_message                       0x20000090   Data          24  can_receive.o(.bss.chassis_tx_message)
    [Anonymous Symbol]                       0x20000090   Section        0  can_receive.o(.bss.chassis_tx_message)
    current_control_source                   0x200000a8   Data           1  main.o(.bss.current_control_source)
    [Anonymous Symbol]                       0x200000a8   Section        0  main.o(.bss.current_control_source)
    dm3_feedback                             0x200000ac   Data          36  main.o(.bss.dm3_feedback)
    [Anonymous Symbol]                       0x200000ac   Section        0  main.o(.bss.dm3_feedback)
    dm_right_last_target_pos                 0x200000d0   Data           4  main.o(.bss.dm_right_last_target_pos)
    [Anonymous Symbol]                       0x200000d0   Section        0  main.o(.bss.dm_right_last_target_pos)
    dm_right_manual_hold_active              0x200000d4   Data           1  main.o(.bss.dm_right_manual_hold_active)
    [Anonymous Symbol]                       0x200000d4   Section        0  main.o(.bss.dm_right_manual_hold_active)
    dm_right_manual_last_tick                0x200000d8   Data           4  main.o(.bss.dm_right_manual_last_tick)
    [Anonymous Symbol]                       0x200000d8   Section        0  main.o(.bss.dm_right_manual_last_tick)
    dm_right_manual_target_pos               0x200000dc   Data           4  main.o(.bss.dm_right_manual_target_pos)
    [Anonymous Symbol]                       0x200000dc   Section        0  main.o(.bss.dm_right_manual_target_pos)
    dm_tx_header                             0x200000e0   Data          24  main.o(.bss.dm_tx_header)
    [Anonymous Symbol]                       0x200000e0   Section        0  main.o(.bss.dm_tx_header)
    dm_tx_mailbox                            0x200000f8   Data           4  main.o(.bss.dm_tx_mailbox)
    [Anonymous Symbol]                       0x200000f8   Section        0  main.o(.bss.dm_tx_mailbox)
    log_disc_cmd_enabled                     0x2000027e   Data           1  main.o(.bss.log_disc_cmd_enabled)
    [Anonymous Symbol]                       0x2000027e   Section        0  main.o(.bss.log_disc_cmd_enabled)
    log_lf_target_rpm                        0x20000280   Data           4  main.o(.bss.log_lf_target_rpm)
    [Anonymous Symbol]                       0x20000280   Section        0  main.o(.bss.log_lf_target_rpm)
    log_lr_target_rpm                        0x20000284   Data           4  main.o(.bss.log_lr_target_rpm)
    [Anonymous Symbol]                       0x20000284   Section        0  main.o(.bss.log_lr_target_rpm)
    log_rf_target_rpm                        0x20000288   Data           4  main.o(.bss.log_rf_target_rpm)
    [Anonymous Symbol]                       0x20000288   Section        0  main.o(.bss.log_rf_target_rpm)
    log_rr_target_rpm                        0x2000028c   Data           4  main.o(.bss.log_rr_target_rpm)
    [Anonymous Symbol]                       0x2000028c   Section        0  main.o(.bss.log_rr_target_rpm)
    log_zdt42_cmd_enabled                    0x20000290   Data           1  main.o(.bss.log_zdt42_cmd_enabled)
    [Anonymous Symbol]                       0x20000290   Section        0  main.o(.bss.log_zdt42_cmd_enabled)
    log_zdt42_cmd_speed_x10                  0x20000292   Data           2  main.o(.bss.log_zdt42_cmd_speed_x10)
    [Anonymous Symbol]                       0x20000292   Section        0  main.o(.bss.log_zdt42_cmd_speed_x10)
    motor_chassis                            0x20000294   Data          70  can_receive.o(.bss.motor_chassis)
    [Anonymous Symbol]                       0x20000294   Section        0  can_receive.o(.bss.motor_chassis)
    pid_lf.4                                 0x200002dc   Data           4  main.o(.bss.pid_lf.4)
    [Anonymous Symbol]                       0x200002dc   Section        0  main.o(.bss.pid_lf.4)
    pid_lf.5                                 0x200002e0   Data           4  main.o(.bss.pid_lf.5)
    [Anonymous Symbol]                       0x200002e0   Section        0  main.o(.bss.pid_lf.5)
    pid_lr.4                                 0x200002e4   Data           4  main.o(.bss.pid_lr.4)
    [Anonymous Symbol]                       0x200002e4   Section        0  main.o(.bss.pid_lr.4)
    pid_lr.5                                 0x200002e8   Data           4  main.o(.bss.pid_lr.5)
    [Anonymous Symbol]                       0x200002e8   Section        0  main.o(.bss.pid_lr.5)
    pid_rf.4                                 0x200002ec   Data           4  main.o(.bss.pid_rf.4)
    [Anonymous Symbol]                       0x200002ec   Section        0  main.o(.bss.pid_rf.4)
    pid_rf.5                                 0x200002f0   Data           4  main.o(.bss.pid_rf.5)
    [Anonymous Symbol]                       0x200002f0   Section        0  main.o(.bss.pid_rf.5)
    pid_rr.4                                 0x200002f4   Data           4  main.o(.bss.pid_rr.4)
    [Anonymous Symbol]                       0x200002f4   Section        0  main.o(.bss.pid_rr.4)
    pid_rr.5                                 0x200002f8   Data           4  main.o(.bss.pid_rr.5)
    [Anonymous Symbol]                       0x200002f8   Section        0  main.o(.bss.pid_rr.5)
    rc_last_active_tick                      0x200002fc   Data           4  main.o(.bss.rc_last_active_tick)
    [Anonymous Symbol]                       0x200002fc   Section        0  main.o(.bss.rc_last_active_tick)
    sbus_rx_buf                              0x20000300   Data          25  i6x_receive.o(.bss.sbus_rx_buf)
    [Anonymous Symbol]                       0x20000300   Section        0  i6x_receive.o(.bss.sbus_rx_buf)
    vision_disc_enabled                      0x20000320   Data           1  main.o(.bss.vision_disc_enabled)
    [Anonymous Symbol]                       0x20000320   Section        0  main.o(.bss.vision_disc_enabled)
    vision_last_cmd_tick                     0x20000324   Data           4  main.o(.bss.vision_last_cmd_tick)
    [Anonymous Symbol]                       0x20000324   Section        0  main.o(.bss.vision_last_cmd_tick)
    vision_last_gesture_tick                 0x20000328   Data           4  main.o(.bss.vision_last_gesture_tick)
    [Anonymous Symbol]                       0x20000328   Section        0  main.o(.bss.vision_last_gesture_tick)
    vision_left_rpm                          0x2000032c   Data           4  main.o(.bss.vision_left_rpm)
    [Anonymous Symbol]                       0x2000032c   Section        0  main.o(.bss.vision_left_rpm)
    vision_mode_active                       0x20000330   Data           1  main.o(.bss.vision_mode_active)
    [Anonymous Symbol]                       0x20000330   Section        0  main.o(.bss.vision_mode_active)
    vision_right_rpm                         0x20000334   Data           4  main.o(.bss.vision_right_rpm)
    [Anonymous Symbol]                       0x20000334   Section        0  main.o(.bss.vision_right_rpm)
    vision_right_target_pos                  0x20000338   Data           4  main.o(.bss.vision_right_target_pos)
    [Anonymous Symbol]                       0x20000338   Section        0  main.o(.bss.vision_right_target_pos)
    vision_uart_line                         0x2000033c   Data          64  main.o(.bss.vision_uart_line)
    [Anonymous Symbol]                       0x2000033c   Section        0  main.o(.bss.vision_uart_line)
    vision_uart_line_len                     0x2000037c   Data           1  main.o(.bss.vision_uart_line_len)
    [Anonymous Symbol]                       0x2000037c   Section        0  main.o(.bss.vision_uart_line_len)
    vision_uart_rx_byte                      0x2000037d   Data           1  main.o(.bss.vision_uart_rx_byte)
    [Anonymous Symbol]                       0x2000037d   Section        0  main.o(.bss.vision_uart_rx_byte)
    zdt_tx_header                            0x20000380   Data          24  main.o(.bss.zdt_tx_header)
    [Anonymous Symbol]                       0x20000380   Section        0  main.o(.bss.zdt_tx_header)
    zdt_tx_mailbox                           0x20000398   Data           4  main.o(.bss.zdt_tx_mailbox)
    [Anonymous Symbol]                       0x20000398   Section        0  main.o(.bss.zdt_tx_mailbox)
    Heap_Mem                                 0x200003a0   Data         512  startup_stm32f407xx.o(HEAP)
    HEAP                                     0x200003a0   Section      512  startup_stm32f407xx.o(HEAP)
    Stack_Mem                                0x200005a0   Data        1024  startup_stm32f407xx.o(STACK)
    STACK                                    0x200005a0   Section     1024  startup_stm32f407xx.o(STACK)
    __initial_sp                             0x200009a0   Data           0  startup_stm32f407xx.o(STACK)

    Global Symbols

    Symbol Name                              Value     Ov Type        Size  Object(Section)

    BuildAttributes$$THM_ISAv4$E$P$D$K$B$S$7EM$VFPi3$EXTD16$VFPS$VFMA$PE$A:L22UL41UL21$X:L11$S22US41US21$IEEE1$IW$~IW$USESV6$~STKCKD$USESV7$~SHL$OTIME$ROPI$EBA8$UX$STANDARDLIB$REQ8$PRES8$EABIv2 0x00000000   Number         0  anon$$obj.o ABSOLUTE
    _printf_flags                            0x00000000   Number         0  printf_stubs.o ABSOLUTE
    _printf_return_value                     0x00000000   Number         0  printf_stubs.o ABSOLUTE
    _printf_sizespec                         0x00000000   Number         0  printf_stubs.o ABSOLUTE
    _printf_widthprec                        0x00000000   Number         0  printf_stubs.o ABSOLUTE
    __ARM_exceptions_init                     - Undefined Weak Reference
    __alloca_initialize                       - Undefined Weak Reference
    __arm_preinit_                            - Undefined Weak Reference
    __arm_relocate_pie_                       - Undefined Weak Reference
    __cpp_initialize__aeabi_                  - Undefined Weak Reference
    __cxa_finalize                            - Undefined Weak Reference
    __sigvec_lookup                           - Undefined Weak Reference
    _atexit_init                              - Undefined Weak Reference
    _call_atexit_fns                          - Undefined Weak Reference
    _clock_init                               - Undefined Weak Reference
    _fp_trap_init                             - Undefined Weak Reference
    _fp_trap_shutdown                         - Undefined Weak Reference
    _get_lc_collate                           - Undefined Weak Reference
    _get_lc_monetary                          - Undefined Weak Reference
    _get_lc_numeric                           - Undefined Weak Reference
    _get_lc_time                              - Undefined Weak Reference
    _getenv_init                              - Undefined Weak Reference
    _handle_redirection                       - Undefined Weak Reference
    _init_alloc                               - Undefined Weak Reference
    _init_user_alloc                          - Undefined Weak Reference
    _initio                                   - Undefined Weak Reference
    _printf_post_padding                      - Undefined Weak Reference
    _printf_pre_padding                       - Undefined Weak Reference
    _printf_truncate_signed                   - Undefined Weak Reference
    _printf_truncate_unsigned                 - Undefined Weak Reference
    _rand_init                                - Undefined Weak Reference
    _signal_finish                            - Undefined Weak Reference
    _signal_init                              - Undefined Weak Reference
    _terminate_alloc                          - Undefined Weak Reference
    _terminate_user_alloc                     - Undefined Weak Reference
    _terminateio                              - Undefined Weak Reference
    __Vectors_Size                           0x00000188   Number         0  startup_stm32f407xx.o ABSOLUTE
    __Vectors                                0x08000000   Data           4  startup_stm32f407xx.o(RESET)
    __Vectors_End                            0x08000188   Data           0  startup_stm32f407xx.o(RESET)
    __main                                   0x08000189   Thumb Code     8  __main.o(!!!main)
    __scatterload                            0x08000191   Thumb Code     0  __scatter.o(!!!scatter)
    __scatterload_rt2                        0x08000191   Thumb Code    84  __scatter.o(!!!scatter)
    __scatterload_rt2_thumb_only             0x08000191   Thumb Code     0  __scatter.o(!!!scatter)
    __scatterload_loop                       0x0800019b   Thumb Code     0  __scatter.o(!!!scatter)
    __scatterload_copy                       0x080001ed   Thumb Code    26  __scatter_copy.o(!!handler_copy)
    __scatterload_null                       0x08000209   Thumb Code     2  __scatter.o(!!handler_null)
    __scatterload_zeroinit                   0x0800020d   Thumb Code    28  __scatter_zi.o(!!handler_zi)
    _printf_d                                0x08000229   Thumb Code     0  _printf_d.o(.ARM.Collect$$_printf_percent$$00000009)
    _printf_percent                          0x08000229   Thumb Code     0  _printf_percent.o(.ARM.Collect$$_printf_percent$$00000000)
    _printf_u                                0x0800022f   Thumb Code     0  _printf_u.o(.ARM.Collect$$_printf_percent$$0000000A)
    _printf_percent_end                      0x08000235   Thumb Code     0  _printf_percent_end.o(.ARM.Collect$$_printf_percent$$00000017)
    __rt_lib_init                            0x08000239   Thumb Code     0  libinit.o(.ARM.Collect$$libinit$$00000000)
    __rt_lib_init_fp_1                       0x0800023b   Thumb Code     0  libinit2.o(.ARM.Collect$$libinit$$00000001)
    __rt_lib_init_heap_1                     0x0800023f   Thumb Code     0  libinit2.o(.ARM.Collect$$libinit$$0000000C)
    __rt_lib_init_lc_common                  0x0800023f   Thumb Code     0  libinit2.o(.ARM.Collect$$libinit$$00000011)
    __rt_lib_init_preinit_1                  0x0800023f   Thumb Code     0  libinit2.o(.ARM.Collect$$libinit$$00000006)
    __rt_lib_init_rand_1                     0x0800023f   Thumb Code     0  libinit2.o(.ARM.Collect$$libinit$$00000010)
    __rt_lib_init_relocate_pie_1             0x0800023f   Thumb Code     0  libinit2.o(.ARM.Collect$$libinit$$00000004)
    __rt_lib_init_user_alloc_1               0x0800023f   Thumb Code     0  libinit2.o(.ARM.Collect$$libinit$$0000000E)
    __rt_lib_init_lc_collate_1               0x08000245   Thumb Code     0  libinit2.o(.ARM.Collect$$libinit$$00000013)
    __rt_lib_init_lc_ctype_2                 0x08000245   Thumb Code     0  libinit2.o(.ARM.Collect$$libinit$$00000014)
    __rt_lib_init_alloca_1                   0x08000251   Thumb Code     0  libinit2.o(.ARM.Collect$$libinit$$00000030)
    __rt_lib_init_argv_1                     0x08000251   Thumb Code     0  libinit2.o(.ARM.Collect$$libinit$$0000002E)
    __rt_lib_init_atexit_1                   0x08000251   Thumb Code     0  libinit2.o(.ARM.Collect$$libinit$$0000001D)
    __rt_lib_init_clock_1                    0x08000251   Thumb Code     0  libinit2.o(.ARM.Collect$$libinit$$00000023)
    __rt_lib_init_cpp_1                      0x08000251   Thumb Code     0  libinit2.o(.ARM.Collect$$libinit$$00000034)
    __rt_lib_init_exceptions_1               0x08000251   Thumb Code     0  libinit2.o(.ARM.Collect$$libinit$$00000032)
    __rt_lib_init_fp_trap_1                  0x08000251   Thumb Code     0  libinit2.o(.ARM.Collect$$libinit$$00000021)
    __rt_lib_init_getenv_1                   0x08000251   Thumb Code     0  libinit2.o(.ARM.Collect$$libinit$$00000025)
    __rt_lib_init_lc_ctype_1                 0x08000251   Thumb Code     0  libinit2.o(.ARM.Collect$$libinit$$00000015)
    __rt_lib_init_lc_monetary_1              0x08000251   Thumb Code     0  libinit2.o(.ARM.Collect$$libinit$$00000017)
    __rt_lib_init_lc_numeric_1               0x08000251   Thumb Code     0  libinit2.o(.ARM.Collect$$libinit$$00000019)
    __rt_lib_init_lc_time_1                  0x08000251   Thumb Code     0  libinit2.o(.ARM.Collect$$libinit$$0000001B)
    __rt_lib_init_return                     0x08000251   Thumb Code     0  libinit2.o(.ARM.Collect$$libinit$$00000035)
    __rt_lib_init_signal_1                   0x08000251   Thumb Code     0  libinit2.o(.ARM.Collect$$libinit$$0000001F)
    __rt_lib_init_stdio_1                    0x08000251   Thumb Code     0  libinit2.o(.ARM.Collect$$libinit$$00000027)
    __rt_lib_shutdown                        0x08000253   Thumb Code     0  libshutdown.o(.ARM.Collect$$libshutdown$$00000000)
    __rt_lib_shutdown_cpp_1                  0x08000255   Thumb Code     0  libshutdown2.o(.ARM.Collect$$libshutdown$$00000002)
    __rt_lib_shutdown_fp_trap_1              0x08000255   Thumb Code     0  libshutdown2.o(.ARM.Collect$$libshutdown$$00000007)
    __rt_lib_shutdown_heap_1                 0x08000255   Thumb Code     0  libshutdown2.o(.ARM.Collect$$libshutdown$$0000000F)
    __rt_lib_shutdown_return                 0x08000255   Thumb Code     0  libshutdown2.o(.ARM.Collect$$libshutdown$$00000010)
    __rt_lib_shutdown_signal_1               0x08000255   Thumb Code     0  libshutdown2.o(.ARM.Collect$$libshutdown$$0000000A)
    __rt_lib_shutdown_stdio_1                0x08000255   Thumb Code     0  libshutdown2.o(.ARM.Collect$$libshutdown$$00000004)
    __rt_lib_shutdown_user_alloc_1           0x08000255   Thumb Code     0  libshutdown2.o(.ARM.Collect$$libshutdown$$0000000C)
    __rt_entry                               0x08000257   Thumb Code     0  __rtentry.o(.ARM.Collect$$rtentry$$00000000)
    __rt_entry_presh_1                       0x08000257   Thumb Code     0  __rtentry2.o(.ARM.Collect$$rtentry$$00000002)
    __rt_entry_sh                            0x08000257   Thumb Code     0  __rtentry4.o(.ARM.Collect$$rtentry$$00000004)
    __rt_entry_li                            0x0800025d   Thumb Code     0  __rtentry2.o(.ARM.Collect$$rtentry$$0000000A)
    __rt_entry_postsh_1                      0x0800025d   Thumb Code     0  __rtentry2.o(.ARM.Collect$$rtentry$$00000009)
    __rt_entry_main                          0x08000261   Thumb Code     0  __rtentry2.o(.ARM.Collect$$rtentry$$0000000D)
    __rt_entry_postli_1                      0x08000261   Thumb Code     0  __rtentry2.o(.ARM.Collect$$rtentry$$0000000C)
    __rt_exit                                0x08000269   Thumb Code     0  rtexit.o(.ARM.Collect$$rtexit$$00000000)
    __rt_exit_ls                             0x0800026b   Thumb Code     0  rtexit2.o(.ARM.Collect$$rtexit$$00000003)
    __rt_exit_prels_1                        0x0800026b   Thumb Code     0  rtexit2.o(.ARM.Collect$$rtexit$$00000002)
    __rt_exit_exit                           0x0800026f   Thumb Code     0  rtexit2.o(.ARM.Collect$$rtexit$$00000004)
    Reset_Handler                            0x08000275   Thumb Code     8  startup_stm32f407xx.o(.text)
    ADC_IRQHandler                           0x0800028f   Thumb Code     0  startup_stm32f407xx.o(.text)
    CAN1_RX1_IRQHandler                      0x0800028f   Thumb Code     0  startup_stm32f407xx.o(.text)
    CAN1_SCE_IRQHandler                      0x0800028f   Thumb Code     0  startup_stm32f407xx.o(.text)
    CAN1_TX_IRQHandler                       0x0800028f   Thumb Code     0  startup_stm32f407xx.o(.text)
    CAN2_SCE_IRQHandler                      0x0800028f   Thumb Code     0  startup_stm32f407xx.o(.text)
    CAN2_TX_IRQHandler                       0x0800028f   Thumb Code     0  startup_stm32f407xx.o(.text)
    DCMI_IRQHandler                          0x0800028f   Thumb Code     0  startup_stm32f407xx.o(.text)
    DMA1_Stream0_IRQHandler                  0x0800028f   Thumb Code     0  startup_stm32f407xx.o(.text)
    DMA1_Stream2_IRQHandler                  0x0800028f   Thumb Code     0  startup_stm32f407xx.o(.text)
    DMA1_Stream3_IRQHandler                  0x0800028f   Thumb Code     0  startup_stm32f407xx.o(.text)
    DMA1_Stream4_IRQHandler                  0x0800028f   Thumb Code     0  startup_stm32f407xx.o(.text)
    DMA1_Stream5_IRQHandler                  0x0800028f   Thumb Code     0  startup_stm32f407xx.o(.text)
    DMA1_Stream6_IRQHandler                  0x0800028f   Thumb Code     0  startup_stm32f407xx.o(.text)
    DMA1_Stream7_IRQHandler                  0x0800028f   Thumb Code     0  startup_stm32f407xx.o(.text)
    DMA2_Stream0_IRQHandler                  0x0800028f   Thumb Code     0  startup_stm32f407xx.o(.text)
    DMA2_Stream1_IRQHandler                  0x0800028f   Thumb Code     0  startup_stm32f407xx.o(.text)
    DMA2_Stream2_IRQHandler                  0x0800028f   Thumb Code     0  startup_stm32f407xx.o(.text)
    DMA2_Stream3_IRQHandler                  0x0800028f   Thumb Code     0  startup_stm32f407xx.o(.text)
    DMA2_Stream4_IRQHandler                  0x0800028f   Thumb Code     0  startup_stm32f407xx.o(.text)
    DMA2_Stream5_IRQHandler                  0x0800028f   Thumb Code     0  startup_stm32f407xx.o(.text)
    DMA2_Stream6_IRQHandler                  0x0800028f   Thumb Code     0  startup_stm32f407xx.o(.text)
    DMA2_Stream7_IRQHandler                  0x0800028f   Thumb Code     0  startup_stm32f407xx.o(.text)
    ETH_IRQHandler                           0x0800028f   Thumb Code     0  startup_stm32f407xx.o(.text)
    ETH_WKUP_IRQHandler                      0x0800028f   Thumb Code     0  startup_stm32f407xx.o(.text)
    EXTI0_IRQHandler                         0x0800028f   Thumb Code     0  startup_stm32f407xx.o(.text)
    EXTI15_10_IRQHandler                     0x0800028f   Thumb Code     0  startup_stm32f407xx.o(.text)
    EXTI1_IRQHandler                         0x0800028f   Thumb Code     0  startup_stm32f407xx.o(.text)
    EXTI2_IRQHandler                         0x0800028f   Thumb Code     0  startup_stm32f407xx.o(.text)
    EXTI3_IRQHandler                         0x0800028f   Thumb Code     0  startup_stm32f407xx.o(.text)
    EXTI4_IRQHandler                         0x0800028f   Thumb Code     0  startup_stm32f407xx.o(.text)
    EXTI9_5_IRQHandler                       0x0800028f   Thumb Code     0  startup_stm32f407xx.o(.text)
    FLASH_IRQHandler                         0x0800028f   Thumb Code     0  startup_stm32f407xx.o(.text)
    FMC_IRQHandler                           0x0800028f   Thumb Code     0  startup_stm32f407xx.o(.text)
    FPU_IRQHandler                           0x0800028f   Thumb Code     0  startup_stm32f407xx.o(.text)
    HASH_RNG_IRQHandler                      0x0800028f   Thumb Code     0  startup_stm32f407xx.o(.text)
    I2C1_ER_IRQHandler                       0x0800028f   Thumb Code     0  startup_stm32f407xx.o(.text)
    I2C1_EV_IRQHandler                       0x0800028f   Thumb Code     0  startup_stm32f407xx.o(.text)
    I2C2_ER_IRQHandler                       0x0800028f   Thumb Code     0  startup_stm32f407xx.o(.text)
    I2C2_EV_IRQHandler                       0x0800028f   Thumb Code     0  startup_stm32f407xx.o(.text)
    I2C3_ER_IRQHandler                       0x0800028f   Thumb Code     0  startup_stm32f407xx.o(.text)
    I2C3_EV_IRQHandler                       0x0800028f   Thumb Code     0  startup_stm32f407xx.o(.text)
    OTG_FS_IRQHandler                        0x0800028f   Thumb Code     0  startup_stm32f407xx.o(.text)
    OTG_FS_WKUP_IRQHandler                   0x0800028f   Thumb Code     0  startup_stm32f407xx.o(.text)
    OTG_HS_EP1_IN_IRQHandler                 0x0800028f   Thumb Code     0  startup_stm32f407xx.o(.text)
    OTG_HS_EP1_OUT_IRQHandler                0x0800028f   Thumb Code     0  startup_stm32f407xx.o(.text)
    OTG_HS_IRQHandler                        0x0800028f   Thumb Code     0  startup_stm32f407xx.o(.text)
    OTG_HS_WKUP_IRQHandler                   0x0800028f   Thumb Code     0  startup_stm32f407xx.o(.text)
    PVD_IRQHandler                           0x0800028f   Thumb Code     0  startup_stm32f407xx.o(.text)
    RCC_IRQHandler                           0x0800028f   Thumb Code     0  startup_stm32f407xx.o(.text)
    RTC_Alarm_IRQHandler                     0x0800028f   Thumb Code     0  startup_stm32f407xx.o(.text)
    RTC_WKUP_IRQHandler                      0x0800028f   Thumb Code     0  startup_stm32f407xx.o(.text)
    SDIO_IRQHandler                          0x0800028f   Thumb Code     0  startup_stm32f407xx.o(.text)
    SPI1_IRQHandler                          0x0800028f   Thumb Code     0  startup_stm32f407xx.o(.text)
    SPI2_IRQHandler                          0x0800028f   Thumb Code     0  startup_stm32f407xx.o(.text)
    SPI3_IRQHandler                          0x0800028f   Thumb Code     0  startup_stm32f407xx.o(.text)
    TAMP_STAMP_IRQHandler                    0x0800028f   Thumb Code     0  startup_stm32f407xx.o(.text)
    TIM1_BRK_TIM9_IRQHandler                 0x0800028f   Thumb Code     0  startup_stm32f407xx.o(.text)
    TIM1_CC_IRQHandler                       0x0800028f   Thumb Code     0  startup_stm32f407xx.o(.text)
    TIM1_TRG_COM_TIM11_IRQHandler            0x0800028f   Thumb Code     0  startup_stm32f407xx.o(.text)
    TIM1_UP_TIM10_IRQHandler                 0x0800028f   Thumb Code     0  startup_stm32f407xx.o(.text)
    TIM2_IRQHandler                          0x0800028f   Thumb Code     0  startup_stm32f407xx.o(.text)
    TIM3_IRQHandler                          0x0800028f   Thumb Code     0  startup_stm32f407xx.o(.text)
    TIM4_IRQHandler                          0x0800028f   Thumb Code     0  startup_stm32f407xx.o(.text)
    TIM5_IRQHandler                          0x0800028f   Thumb Code     0  startup_stm32f407xx.o(.text)
    TIM6_DAC_IRQHandler                      0x0800028f   Thumb Code     0  startup_stm32f407xx.o(.text)
    TIM7_IRQHandler                          0x0800028f   Thumb Code     0  startup_stm32f407xx.o(.text)
    TIM8_BRK_TIM12_IRQHandler                0x0800028f   Thumb Code     0  startup_stm32f407xx.o(.text)
    TIM8_CC_IRQHandler                       0x0800028f   Thumb Code     0  startup_stm32f407xx.o(.text)
    TIM8_TRG_COM_TIM14_IRQHandler            0x0800028f   Thumb Code     0  startup_stm32f407xx.o(.text)
    TIM8_UP_TIM13_IRQHandler                 0x0800028f   Thumb Code     0  startup_stm32f407xx.o(.text)
    UART4_IRQHandler                         0x0800028f   Thumb Code     0  startup_stm32f407xx.o(.text)
    UART5_IRQHandler                         0x0800028f   Thumb Code     0  startup_stm32f407xx.o(.text)
    USART2_IRQHandler                        0x0800028f   Thumb Code     0  startup_stm32f407xx.o(.text)
    USART6_IRQHandler                        0x0800028f   Thumb Code     0  startup_stm32f407xx.o(.text)
    WWDG_IRQHandler                          0x0800028f   Thumb Code     0  startup_stm32f407xx.o(.text)
    __user_initial_stackheap                 0x08000291   Thumb Code     0  startup_stm32f407xx.o(.text)
    __aeabi_uldivmod                         0x080002b5   Thumb Code     0  lludivv7m.o(.text)
    _ll_udiv                                 0x080002b5   Thumb Code   240  lludivv7m.o(.text)
    __2snprintf                              0x080003a5   Thumb Code    58  __2snprintf.o(.text)
    _printf_int_dec                          0x080003e5   Thumb Code   104  _printf_dec.o(.text)
    __printf                                 0x0800045d   Thumb Code   184  __printf_ss.o(.text)
    atoi                                     0x08000515   Thumb Code    26  atoi.o(.text)
    memcmp                                   0x0800052f   Thumb Code    88  memcmp.o(.text)
    __aeabi_memclr4                          0x08000587   Thumb Code     0  rt_memclr_w.o(.text)
    __aeabi_memclr8                          0x08000587   Thumb Code     0  rt_memclr_w.o(.text)
    __rt_memclr_w                            0x08000587   Thumb Code     0  rt_memclr_w.o(.text)
    _memset_w                                0x0800058b   Thumb Code    74  rt_memclr_w.o(.text)
    __use_two_region_memory                  0x080005d5   Thumb Code     2  heapauxi.o(.text)
    __rt_heap_escrow$2region                 0x080005d7   Thumb Code     2  heapauxi.o(.text)
    __rt_heap_expand$2region                 0x080005d9   Thumb Code     2  heapauxi.o(.text)
    __aeabi_errno_addr                       0x080005dd   Thumb Code     8  rt_errno_addr_intlibspace.o(.text)
    __errno$intlibspace                      0x080005dd   Thumb Code     0  rt_errno_addr_intlibspace.o(.text)
    __rt_errno_addr$intlibspace              0x080005dd   Thumb Code     0  rt_errno_addr_intlibspace.o(.text)
    _printf_int_common                       0x080005e5   Thumb Code   178  _printf_intcommon.o(.text)
    _printf_char_common                      0x080006a3   Thumb Code    32  _printf_char_common.o(.text)
    _snputc                                  0x080006c9   Thumb Code    16  _snputc.o(.text)
    strtol                                   0x080006d9   Thumb Code   112  strtol.o(.text)
    __user_libspace                          0x08000749   Thumb Code     8  libspace.o(.text)
    __user_perproc_libspace                  0x08000749   Thumb Code     0  libspace.o(.text)
    __user_perthread_libspace                0x08000749   Thumb Code     0  libspace.o(.text)
    __rt_ctype_table                         0x08000751   Thumb Code    16  rt_ctype_table.o(.text)
    _strtoul                                 0x08000761   Thumb Code   158  _strtoul.o(.text)
    __user_setup_stackheap                   0x080007ff   Thumb Code    74  sys_stackheap_outer.o(.text)
    __rt_locale                              0x08000849   Thumb Code     8  rt_locale_intlibspace.o(.text)
    _chval                                   0x08000851   Thumb Code    28  _chval.o(.text)
    exit                                     0x0800086d   Thumb Code    18  exit.o(.text)
    strcmp                                   0x08000881   Thumb Code   124  strcmpv7em.o(.text)
    _sys_exit                                0x080008fd   Thumb Code     8  sys_exit.o(.text)
    __I$use$semihosting                      0x08000909   Thumb Code     0  use_no_semi.o(.text)
    __use_no_semihosting_swi                 0x08000909   Thumb Code     2  use_no_semi.o(.text)
    __semihosting_library_function           0x0800090b   Thumb Code     0  indicate_semi.o(.text)
    BusFault_Handler                         0x0800090d   Thumb Code     2  stm32f4xx_it.o(.text.BusFault_Handler)
    CAN1_RX0_IRQHandler                      0x08000911   Thumb Code    12  stm32f4xx_it.o(.text.CAN1_RX0_IRQHandler)
    CAN2_RX0_IRQHandler                      0x0800091d   Thumb Code    12  stm32f4xx_it.o(.text.CAN2_RX0_IRQHandler)
    CAN2_RX1_IRQHandler                      0x08000929   Thumb Code    12  main.o(.text.CAN2_RX1_IRQHandler)
    CAN_cmd_chassis                          0x08000935   Thumb Code   104  can_receive.o(.text.CAN_cmd_chassis)
    DMA1_Stream1_IRQHandler                  0x0800099d   Thumb Code    12  stm32f4xx_it.o(.text.DMA1_Stream1_IRQHandler)
    DebugMon_Handler                         0x08000c95   Thumb Code     2  stm32f4xx_it.o(.text.DebugMon_Handler)
    Error_Handler                            0x08000c99   Thumb Code     2  main.o(.text.Error_Handler)
    HAL_CAN_ActivateNotification             0x08000c9d   Thumb Code    38  stm32f4xx_hal_can.o(.text.HAL_CAN_ActivateNotification)
    HAL_CAN_AddTxMessage                     0x08000cc5   Thumb Code   166  stm32f4xx_hal_can.o(.text.HAL_CAN_AddTxMessage)
    HAL_CAN_ConfigFilter                     0x08000d6d   Thumb Code   222  stm32f4xx_hal_can.o(.text.HAL_CAN_ConfigFilter)
    HAL_CAN_ErrorCallback                    0x08000e4d   Thumb Code     2  stm32f4xx_hal_can.o(.text.HAL_CAN_ErrorCallback)
    HAL_CAN_GetRxFifoFillLevel               0x08000e51   Thumb Code    32  stm32f4xx_hal_can.o(.text.HAL_CAN_GetRxFifoFillLevel)
    HAL_CAN_GetRxMessage                     0x08000e71   Thumb Code   286  stm32f4xx_hal_can.o(.text.HAL_CAN_GetRxMessage)
    HAL_CAN_GetState                         0x08000f91   Thumb Code    38  stm32f4xx_hal_can.o(.text.HAL_CAN_GetState)
    HAL_CAN_GetTxMailboxesFreeLevel          0x08000fb9   Thumb Code    40  stm32f4xx_hal_can.o(.text.HAL_CAN_GetTxMailboxesFreeLevel)
    HAL_CAN_IRQHandler                       0x08000fe1   Thumb Code   578  stm32f4xx_hal_can.o(.text.HAL_CAN_IRQHandler)
    HAL_CAN_Init                             0x08001225   Thumb Code   244  stm32f4xx_hal_can.o(.text.HAL_CAN_Init)
    HAL_CAN_MspInit                          0x08001319   Thumb Code   284  can.o(.text.HAL_CAN_MspInit)
    HAL_CAN_RxFifo0FullCallback              0x08001435   Thumb Code     2  stm32f4xx_hal_can.o(.text.HAL_CAN_RxFifo0FullCallback)
    HAL_CAN_RxFifo0MsgPendingCallback        0x08001439   Thumb Code    94  can_receive.o(.text.HAL_CAN_RxFifo0MsgPendingCallback)
    HAL_CAN_RxFifo1FullCallback              0x08001499   Thumb Code     2  stm32f4xx_hal_can.o(.text.HAL_CAN_RxFifo1FullCallback)
    HAL_CAN_RxFifo1MsgPendingCallback        0x0800149d   Thumb Code   328  main.o(.text.HAL_CAN_RxFifo1MsgPendingCallback)
    HAL_CAN_SleepCallback                    0x080015fd   Thumb Code     2  stm32f4xx_hal_can.o(.text.HAL_CAN_SleepCallback)
    HAL_CAN_Start                            0x08001601   Thumb Code    90  stm32f4xx_hal_can.o(.text.HAL_CAN_Start)
    HAL_CAN_Stop                             0x0800165d   Thumb Code    94  stm32f4xx_hal_can.o(.text.HAL_CAN_Stop)
    HAL_CAN_TxMailbox0AbortCallback          0x080016bd   Thumb Code     2  stm32f4xx_hal_can.o(.text.HAL_CAN_TxMailbox0AbortCallback)
    HAL_CAN_TxMailbox0CompleteCallback       0x080016c1   Thumb Code     2  stm32f4xx_hal_can.o(.text.HAL_CAN_TxMailbox0CompleteCallback)
    HAL_CAN_TxMailbox1AbortCallback          0x080016c5   Thumb Code     2  stm32f4xx_hal_can.o(.text.HAL_CAN_TxMailbox1AbortCallback)
    HAL_CAN_TxMailbox1CompleteCallback       0x080016c9   Thumb Code     2  stm32f4xx_hal_can.o(.text.HAL_CAN_TxMailbox1CompleteCallback)
    HAL_CAN_TxMailbox2AbortCallback          0x080016cd   Thumb Code     2  stm32f4xx_hal_can.o(.text.HAL_CAN_TxMailbox2AbortCallback)
    HAL_CAN_TxMailbox2CompleteCallback       0x080016d1   Thumb Code     2  stm32f4xx_hal_can.o(.text.HAL_CAN_TxMailbox2CompleteCallback)
    HAL_CAN_WakeUpFromRxMsgCallback          0x080016d5   Thumb Code     2  stm32f4xx_hal_can.o(.text.HAL_CAN_WakeUpFromRxMsgCallback)
    HAL_DMA_Abort                            0x080016d9   Thumb Code   138  stm32f4xx_hal_dma.o(.text.HAL_DMA_Abort)
    HAL_DMA_Abort_IT                         0x08001765   Thumb Code    36  stm32f4xx_hal_dma.o(.text.HAL_DMA_Abort_IT)
    HAL_DMA_IRQHandler                       0x08001789   Thumb Code   392  stm32f4xx_hal_dma.o(.text.HAL_DMA_IRQHandler)
    HAL_DMA_Init                             0x08001911   Thumb Code   318  stm32f4xx_hal_dma.o(.text.HAL_DMA_Init)
    HAL_DMA_Start_IT                         0x08001a51   Thumb Code   172  stm32f4xx_hal_dma.o(.text.HAL_DMA_Start_IT)
    HAL_Delay                                0x08001afd   Thumb Code    40  stm32f4xx_hal.o(.text.HAL_Delay)
    HAL_GPIO_Init                            0x08001b25   Thumb Code   400  stm32f4xx_hal_gpio.o(.text.HAL_GPIO_Init)
    HAL_GetTick                              0x08001cb5   Thumb Code    12  stm32f4xx_hal.o(.text.HAL_GetTick)
    HAL_IncTick                              0x08001cc1   Thumb Code    26  stm32f4xx_hal.o(.text.HAL_IncTick)
    HAL_Init                                 0x08001cdd   Thumb Code    54  stm32f4xx_hal.o(.text.HAL_Init)
    HAL_InitTick                             0x08001d15   Thumb Code    80  stm32f4xx_hal.o(.text.HAL_InitTick)
    HAL_MspInit                              0x08001d65   Thumb Code    56  stm32f4xx_hal_msp.o(.text.HAL_MspInit)
    HAL_NVIC_EnableIRQ                       0x08001d9d   Thumb Code    34  stm32f4xx_hal_cortex.o(.text.HAL_NVIC_EnableIRQ)
    HAL_NVIC_SetPriority                     0x08001dc1   Thumb Code    86  stm32f4xx_hal_cortex.o(.text.HAL_NVIC_SetPriority)
    HAL_NVIC_SetPriorityGrouping             0x08001e19   Thumb Code    32  stm32f4xx_hal_cortex.o(.text.HAL_NVIC_SetPriorityGrouping)
    HAL_RCC_ClockConfig                      0x08001e39   Thumb Code   344  stm32f4xx_hal_rcc.o(.text.HAL_RCC_ClockConfig)
    HAL_RCC_GetPCLK1Freq                     0x08001f91   Thumb Code    38  stm32f4xx_hal_rcc.o(.text.HAL_RCC_GetPCLK1Freq)
    HAL_RCC_GetPCLK2Freq                     0x08001fb9   Thumb Code    38  stm32f4xx_hal_rcc.o(.text.HAL_RCC_GetPCLK2Freq)
    HAL_RCC_GetSysClockFreq                  0x08001fe1   Thumb Code   106  stm32f4xx_hal_rcc.o(.text.HAL_RCC_GetSysClockFreq)
    HAL_RCC_OscConfig                        0x0800204d   Thumb Code   774  stm32f4xx_hal_rcc.o(.text.HAL_RCC_OscConfig)
    HAL_SYSTICK_Config                       0x08002355   Thumb Code    44  stm32f4xx_hal_cortex.o(.text.HAL_SYSTICK_Config)
    HAL_UART_DMAStop                         0x08002381   Thumb Code   120  stm32f4xx_hal_uart.o(.text.HAL_UART_DMAStop)
    HAL_UART_ErrorCallback                   0x080023f9   Thumb Code   110  main.o(.text.HAL_UART_ErrorCallback)
    HAL_UART_IRQHandler                      0x08002469   Thumb Code   384  stm32f4xx_hal_uart.o(.text.HAL_UART_IRQHandler)
    HAL_UART_Init                            0x080025e9   Thumb Code    94  stm32f4xx_hal_uart.o(.text.HAL_UART_Init)
    HAL_UART_MspInit                         0x08002649   Thumb Code   478  usart.o(.text.HAL_UART_MspInit)
    HAL_UART_Receive_DMA                     0x08002829   Thumb Code   174  stm32f4xx_hal_uart.o(.text.HAL_UART_Receive_DMA)
    HAL_UART_Receive_IT                      0x080028d9   Thumb Code    84  stm32f4xx_hal_uart.o(.text.HAL_UART_Receive_IT)
    HAL_UART_RxCpltCallback                  0x0800292d   Thumb Code  1168  main.o(.text.HAL_UART_RxCpltCallback)
    HAL_UART_RxHalfCpltCallback              0x08002e49   Thumb Code     2  stm32f4xx_hal_uart.o(.text.HAL_UART_RxHalfCpltCallback)
    HAL_UART_Transmit                        0x08002e4d   Thumb Code   310  stm32f4xx_hal_uart.o(.text.HAL_UART_Transmit)
    HAL_UART_TxCpltCallback                  0x08002f85   Thumb Code     2  stm32f4xx_hal_uart.o(.text.HAL_UART_TxCpltCallback)
    HardFault_Handler                        0x08002f89   Thumb Code     2  stm32f4xx_it.o(.text.HardFault_Handler)
    MX_CAN1_Init                             0x08002f8d   Thumb Code    64  can.o(.text.MX_CAN1_Init)
    MX_CAN2_Init                             0x08002fcd   Thumb Code    64  can.o(.text.MX_CAN2_Init)
    MX_DMA_Init                              0x0800300d   Thumb Code    56  dma.o(.text.MX_DMA_Init)
    MX_GPIO_Init                             0x08003045   Thumb Code   136  gpio.o(.text.MX_GPIO_Init)
    MX_USART1_UART_Init                      0x080030cd   Thumb Code    60  usart.o(.text.MX_USART1_UART_Init)
    MX_USART3_UART_Init                      0x08003109   Thumb Code    70  usart.o(.text.MX_USART3_UART_Init)
    MX_USART6_UART_Init                      0x08003151   Thumb Code    60  usart.o(.text.MX_USART6_UART_Init)
    MemManage_Handler                        0x0800318d   Thumb Code     2  stm32f4xx_it.o(.text.MemManage_Handler)
    NMI_Handler                              0x08003191   Thumb Code     2  stm32f4xx_it.o(.text.NMI_Handler)
    PendSV_Handler                           0x08003195   Thumb Code     2  stm32f4xx_it.o(.text.PendSV_Handler)
    SVC_Handler                              0x08003199   Thumb Code     2  stm32f4xx_it.o(.text.SVC_Handler)
    SysTick_Handler                          0x0800319d   Thumb Code     4  stm32f4xx_it.o(.text.SysTick_Handler)
    SystemInit                               0x080031a1   Thumb Code    86  system_stm32f4xx.o(.text.SystemInit)
    USART1_IRQHandler                        0x0800356d   Thumb Code    12  stm32f4xx_it.o(.text.USART1_IRQHandler)
    USART3_IRQHandler                        0x08003579   Thumb Code    22  stm32f4xx_it.o(.text.USART3_IRQHandler)
    UsageFault_Handler                       0x08003591   Thumb Code     2  stm32f4xx_it.o(.text.UsageFault_Handler)
    can_filter_init                          0x0800361d   Thumb Code    98  bsp_can.o(.text.can_filter_init)
    get_chassis_motor_measure_point          0x08003931   Thumb Code    22  can_receive.o(.text.get_chassis_motor_measure_point)
    get_i6x_point                            0x08003949   Thumb Code    10  i6x.o(.text.get_i6x_point)
    i6x_remote_init                          0x08003955   Thumb Code    68  i6x_receive.o(.text.i6x_remote_init)
    i6x_remote_uart_idle_handler             0x08003999   Thumb Code   104  i6x_receive.o(.text.i6x_remote_uart_idle_handler)
    main                                     0x08003a01   Thumb Code  4908  main.o(.text.main)
    sbus_to_i6x                              0x08004d35   Thumb Code   376  i6x.o(.text.sbus_to_i6x)
    _get_lc_ctype                            0x08004ead   Thumb Code    44  lc_ctype_c.o(locale$$code)
    _fp_init                                 0x08004ed9   Thumb Code    26  fpinit.o(x$fpl$fpinit)
    __fplib_config_fpu_vfp                   0x08004ef1   Thumb Code     0  fpinit.o(x$fpl$fpinit)
    __fplib_config_pureend_doubles           0x08004ef1   Thumb Code     0  fpinit.o(x$fpl$fpinit)
    AHBPrescTable                            0x08004ef2   Data          16  system_stm32f4xx.o(.rodata.AHBPrescTable)
    APBPrescTable                            0x08004f02   Data           8  system_stm32f4xx.o(.rodata.APBPrescTable)
    Region$$Table$$Base                      0x08004f84   Number         0  anon$$obj.o(Region$$Table)
    Region$$Table$$Limit                     0x08004fa4   Number         0  anon$$obj.o(Region$$Table)
    __ctype                                  0x08004fb1   Data           0  lc_ctype_c.o(locale$$data)
    SystemCoreClock                          0x20000000   Data           4  system_stm32f4xx.o(.data.SystemCoreClock)
    uwTickFreq                               0x20000004   Data           1  stm32f4xx_hal.o(.data.uwTickFreq)
    uwTickPrio                               0x20000008   Data           4  stm32f4xx_hal.o(.data.uwTickPrio)
    __libspace_start                         0x20000010   Data          96  libspace.o(.bss)
    __temporary_stack_top$libspace           0x20000070   Data           0  libspace.o(.bss)
    hcan1                                    0x200000fc   Data          40  can.o(.bss.hcan1)
    hcan2                                    0x20000124   Data          40  can.o(.bss.hcan2)
    hdma_usart3_rx                           0x2000014c   Data          96  usart.o(.bss.hdma_usart3_rx)
    huart1                                   0x200001ac   Data          64  usart.o(.bss.huart1)
    huart3                                   0x200001ec   Data          64  usart.o(.bss.huart3)
    huart6                                   0x2000022c   Data          64  usart.o(.bss.huart6)
    i6x_ctrl                                 0x2000026c   Data          18  i6x.o(.bss.i6x_ctrl)
    uwTick                                   0x2000031c   Data           4  stm32f4xx_hal.o(.bss.uwTick)



==============================================================================

Memory Map of the image

  Image Entry point : 0x08000189

  Load Region LR_IROM1 (Base: 0x08000000, Size: 0x000050c8, Max: 0x00100000, ABSOLUTE)

    Execution Region ER_IROM1 (Exec base: 0x08000000, Load base: 0x08000000, Size: 0x000050b4, Max: 0x00100000, ABSOLUTE)

    Exec Addr    Load Addr    Size         Type   Attr      Idx    E Section Name        Object

    0x08000000   0x08000000   0x00000188   Data   RO            3    RESET               startup_stm32f407xx.o
    0x08000188   0x08000188   0x00000008   Code   RO          875  * !!!main             c_w.l(__main.o)
    0x08000190   0x08000190   0x0000005c   Code   RO         1082    !!!scatter          c_w.l(__scatter.o)
    0x080001ec   0x080001ec   0x0000001a   Code   RO         1086    !!handler_copy      c_w.l(__scatter_copy.o)
    0x08000206   0x08000206   0x00000002   PAD
    0x08000208   0x08000208   0x00000002   Code   RO         1083    !!handler_null      c_w.l(__scatter.o)
    0x0800020a   0x0800020a   0x00000002   PAD
    0x0800020c   0x0800020c   0x0000001c   Code   RO         1088    !!handler_zi        c_w.l(__scatter_zi.o)
    0x08000228   0x08000228   0x00000000   Code   RO          866    .ARM.Collect$$_printf_percent$$00000000  c_w.l(_printf_percent.o)
    0x08000228   0x08000228   0x00000006   Code   RO          864    .ARM.Collect$$_printf_percent$$00000009  c_w.l(_printf_d.o)
    0x0800022e   0x0800022e   0x00000006   Code   RO          865    .ARM.Collect$$_printf_percent$$0000000A  c_w.l(_printf_u.o)
    0x08000234   0x08000234   0x00000004   Code   RO          893    .ARM.Collect$$_printf_percent$$00000017  c_w.l(_printf_percent_end.o)
    0x08000238   0x08000238   0x00000002   Code   RO          945    .ARM.Collect$$libinit$$00000000  c_w.l(libinit.o)
    0x0800023a   0x0800023a   0x00000004   Code   RO          956    .ARM.Collect$$libinit$$00000001  c_w.l(libinit2.o)
    0x0800023e   0x0800023e   0x00000000   Code   RO          959    .ARM.Collect$$libinit$$00000004  c_w.l(libinit2.o)
    0x0800023e   0x0800023e   0x00000000   Code   RO          961    .ARM.Collect$$libinit$$00000006  c_w.l(libinit2.o)
    0x0800023e   0x0800023e   0x00000000   Code   RO          964    .ARM.Collect$$libinit$$0000000C  c_w.l(libinit2.o)
    0x0800023e   0x0800023e   0x00000000   Code   RO          966    .ARM.Collect$$libinit$$0000000E  c_w.l(libinit2.o)
    0x0800023e   0x0800023e   0x00000000   Code   RO          968    .ARM.Collect$$libinit$$00000010  c_w.l(libinit2.o)
    0x0800023e   0x0800023e   0x00000006   Code   RO          969    .ARM.Collect$$libinit$$00000011  c_w.l(libinit2.o)
    0x08000244   0x08000244   0x00000000   Code   RO          971    .ARM.Collect$$libinit$$00000013  c_w.l(libinit2.o)
    0x08000244   0x08000244   0x0000000c   Code   RO          972    .ARM.Collect$$libinit$$00000014  c_w.l(libinit2.o)
    0x08000250   0x08000250   0x00000000   Code   RO          973    .ARM.Collect$$libinit$$00000015  c_w.l(libinit2.o)
    0x08000250   0x08000250   0x00000000   Code   RO          975    .ARM.Collect$$libinit$$00000017  c_w.l(libinit2.o)
    0x08000250   0x08000250   0x00000000   Code   RO          977    .ARM.Collect$$libinit$$00000019  c_w.l(libinit2.o)
    0x08000250   0x08000250   0x00000000   Code   RO          979    .ARM.Collect$$libinit$$0000001B  c_w.l(libinit2.o)
    0x08000250   0x08000250   0x00000000   Code   RO          981    .ARM.Collect$$libinit$$0000001D  c_w.l(libinit2.o)
    0x08000250   0x08000250   0x00000000   Code   RO          983    .ARM.Collect$$libinit$$0000001F  c_w.l(libinit2.o)
    0x08000250   0x08000250   0x00000000   Code   RO          985    .ARM.Collect$$libinit$$00000021  c_w.l(libinit2.o)
    0x08000250   0x08000250   0x00000000   Code   RO          987    .ARM.Collect$$libinit$$00000023  c_w.l(libinit2.o)
    0x08000250   0x08000250   0x00000000   Code   RO          989    .ARM.Collect$$libinit$$00000025  c_w.l(libinit2.o)
    0x08000250   0x08000250   0x00000000   Code   RO          991    .ARM.Collect$$libinit$$00000027  c_w.l(libinit2.o)
    0x08000250   0x08000250   0x00000000   Code   RO          995    .ARM.Collect$$libinit$$0000002E  c_w.l(libinit2.o)
    0x08000250   0x08000250   0x00000000   Code   RO          997    .ARM.Collect$$libinit$$00000030  c_w.l(libinit2.o)
    0x08000250   0x08000250   0x00000000   Code   RO          999    .ARM.Collect$$libinit$$00000032  c_w.l(libinit2.o)
    0x08000250   0x08000250   0x00000000   Code   RO         1001    .ARM.Collect$$libinit$$00000034  c_w.l(libinit2.o)
    0x08000250   0x08000250   0x00000002   Code   RO         1002    .ARM.Collect$$libinit$$00000035  c_w.l(libinit2.o)
    0x08000252   0x08000252   0x00000002   Code   RO         1037    .ARM.Collect$$libshutdown$$00000000  c_w.l(libshutdown.o)
    0x08000254   0x08000254   0x00000000   Code   RO         1065    .ARM.Collect$$libshutdown$$00000002  c_w.l(libshutdown2.o)
    0x08000254   0x08000254   0x00000000   Code   RO         1067    .ARM.Collect$$libshutdown$$00000004  c_w.l(libshutdown2.o)
    0x08000254   0x08000254   0x00000000   Code   RO         1070    .ARM.Collect$$libshutdown$$00000007  c_w.l(libshutdown2.o)
    0x08000254   0x08000254   0x00000000   Code   RO         1073    .ARM.Collect$$libshutdown$$0000000A  c_w.l(libshutdown2.o)
    0x08000254   0x08000254   0x00000000   Code   RO         1075    .ARM.Collect$$libshutdown$$0000000C  c_w.l(libshutdown2.o)
    0x08000254   0x08000254   0x00000000   Code   RO         1078    .ARM.Collect$$libshutdown$$0000000F  c_w.l(libshutdown2.o)
    0x08000254   0x08000254   0x00000002   Code   RO         1079    .ARM.Collect$$libshutdown$$00000010  c_w.l(libshutdown2.o)
    0x08000256   0x08000256   0x00000000   Code   RO          877    .ARM.Collect$$rtentry$$00000000  c_w.l(__rtentry.o)
    0x08000256   0x08000256   0x00000000   Code   RO          900    .ARM.Collect$$rtentry$$00000002  c_w.l(__rtentry2.o)
    0x08000256   0x08000256   0x00000006   Code   RO          912    .ARM.Collect$$rtentry$$00000004  c_w.l(__rtentry4.o)
    0x0800025c   0x0800025c   0x00000000   Code   RO          902    .ARM.Collect$$rtentry$$00000009  c_w.l(__rtentry2.o)
    0x0800025c   0x0800025c   0x00000004   Code   RO          903    .ARM.Collect$$rtentry$$0000000A  c_w.l(__rtentry2.o)
    0x08000260   0x08000260   0x00000000   Code   RO          905    .ARM.Collect$$rtentry$$0000000C  c_w.l(__rtentry2.o)
    0x08000260   0x08000260   0x00000008   Code   RO          906    .ARM.Collect$$rtentry$$0000000D  c_w.l(__rtentry2.o)
    0x08000268   0x08000268   0x00000002   Code   RO          946    .ARM.Collect$$rtexit$$00000000  c_w.l(rtexit.o)
    0x0800026a   0x0800026a   0x00000000   Code   RO         1008    .ARM.Collect$$rtexit$$00000002  c_w.l(rtexit2.o)
    0x0800026a   0x0800026a   0x00000004   Code   RO         1009    .ARM.Collect$$rtexit$$00000003  c_w.l(rtexit2.o)
    0x0800026e   0x0800026e   0x00000006   Code   RO         1010    .ARM.Collect$$rtexit$$00000004  c_w.l(rtexit2.o)
    0x08000274   0x08000274   0x00000040   Code   RO            4    .text               startup_stm32f407xx.o
    0x080002b4   0x080002b4   0x000000f0   Code   RO          834    .text               c_w.l(lludivv7m.o)
    0x080003a4   0x080003a4   0x00000040   Code   RO          836    .text               c_w.l(__2snprintf.o)
    0x080003e4   0x080003e4   0x00000078   Code   RO          842    .text               c_w.l(_printf_dec.o)
    0x0800045c   0x0800045c   0x000000b8   Code   RO          847    .text               c_w.l(__printf_ss.o)
    0x08000514   0x08000514   0x0000001a   Code   RO          867    .text               c_w.l(atoi.o)
    0x0800052e   0x0800052e   0x00000058   Code   RO          869    .text               c_w.l(memcmp.o)
    0x08000586   0x08000586   0x0000004e   Code   RO          871    .text               c_w.l(rt_memclr_w.o)
    0x080005d4   0x080005d4   0x00000006   Code   RO          873    .text               c_w.l(heapauxi.o)
    0x080005da   0x080005da   0x00000002   PAD
    0x080005dc   0x080005dc   0x00000008   Code   RO          885    .text               c_w.l(rt_errno_addr_intlibspace.o)
    0x080005e4   0x080005e4   0x000000b2   Code   RO          887    .text               c_w.l(_printf_intcommon.o)
    0x08000696   0x08000696   0x00000002   PAD
    0x08000698   0x08000698   0x00000030   Code   RO          889    .text               c_w.l(_printf_char_common.o)
    0x080006c8   0x080006c8   0x00000010   Code   RO          891    .text               c_w.l(_snputc.o)
    0x080006d8   0x080006d8   0x00000070   Code   RO          894    .text               c_w.l(strtol.o)
    0x08000748   0x08000748   0x00000008   Code   RO          896    .text               c_w.l(libspace.o)
    0x08000750   0x08000750   0x00000010   Code   RO          914    .text               c_w.l(rt_ctype_table.o)
    0x08000760   0x08000760   0x0000009e   Code   RO          920    .text               c_w.l(_strtoul.o)
    0x080007fe   0x080007fe   0x0000004a   Code   RO          922    .text               c_w.l(sys_stackheap_outer.o)
    0x08000848   0x08000848   0x00000008   Code   RO          927    .text               c_w.l(rt_locale_intlibspace.o)
    0x08000850   0x08000850   0x0000001c   Code   RO          929    .text               c_w.l(_chval.o)
    0x0800086c   0x0800086c   0x00000012   Code   RO          934    .text               c_w.l(exit.o)
    0x0800087e   0x0800087e   0x00000002   PAD
    0x08000880   0x08000880   0x0000007c   Code   RO          954    .text               c_w.l(strcmpv7em.o)
    0x080008fc   0x080008fc   0x0000000c   Code   RO         1003    .text               c_w.l(sys_exit.o)
    0x08000908   0x08000908   0x00000002   Code   RO         1026    .text               c_w.l(use_no_semi.o)
    0x0800090a   0x0800090a   0x00000000   Code   RO         1028    .text               c_w.l(indicate_semi.o)
    0x0800090a   0x0800090a   0x00000002   PAD
    0x0800090c   0x0800090c   0x00000002   Code   RO          148    .text.BusFault_Handler  stm32f4xx_it.o
    0x0800090e   0x0800090e   0x00000002   PAD
    0x08000910   0x08000910   0x0000000c   Code   RO          162    .text.CAN1_RX0_IRQHandler  stm32f4xx_it.o
    0x0800091c   0x0800091c   0x0000000c   Code   RO          168    .text.CAN2_RX0_IRQHandler  stm32f4xx_it.o
    0x08000928   0x08000928   0x0000000c   Code   RO           11    .text.CAN2_RX1_IRQHandler  main.o
    0x08000934   0x08000934   0x00000068   Code   RO          215    .text.CAN_cmd_chassis  can_receive.o
    0x0800099c   0x0800099c   0x0000000c   Code   RO          160    .text.DMA1_Stream1_IRQHandler  stm32f4xx_it.o
    0x080009a8   0x080009a8   0x000001ae   Code   RO           25    .text.DM_Init_Collecting_Disc  main.o
    0x08000b56   0x08000b56   0x00000002   PAD
    0x08000b58   0x08000b58   0x0000013c   Code   RO           27    .text.DM_Stop_All   main.o
    0x08000c94   0x08000c94   0x00000002   Code   RO          154    .text.DebugMon_Handler  stm32f4xx_it.o
    0x08000c96   0x08000c96   0x00000002   PAD
    0x08000c98   0x08000c98   0x00000002   Code   RO           29    .text.Error_Handler  main.o
    0x08000c9a   0x08000c9a   0x00000002   PAD
    0x08000c9c   0x08000c9c   0x00000026   Code   RO          272    .text.HAL_CAN_ActivateNotification  stm32f4xx_hal_can.o
    0x08000cc2   0x08000cc2   0x00000002   PAD
    0x08000cc4   0x08000cc4   0x000000a6   Code   RO          258    .text.HAL_CAN_AddTxMessage  stm32f4xx_hal_can.o
    0x08000d6a   0x08000d6a   0x00000002   PAD
    0x08000d6c   0x08000d6c   0x000000de   Code   RO          248    .text.HAL_CAN_ConfigFilter  stm32f4xx_hal_can.o
    0x08000e4a   0x08000e4a   0x00000002   PAD
    0x08000e4c   0x08000e4c   0x00000002   Code   RO          302    .text.HAL_CAN_ErrorCallback  stm32f4xx_hal_can.o
    0x08000e4e   0x08000e4e   0x00000002   PAD
    0x08000e50   0x08000e50   0x00000020   Code   RO          270    .text.HAL_CAN_GetRxFifoFillLevel  stm32f4xx_hal_can.o
    0x08000e70   0x08000e70   0x0000011e   Code   RO          268    .text.HAL_CAN_GetRxMessage  stm32f4xx_hal_can.o
    0x08000f8e   0x08000f8e   0x00000002   PAD
    0x08000f90   0x08000f90   0x00000026   Code   RO          304    .text.HAL_CAN_GetState  stm32f4xx_hal_can.o
    0x08000fb6   0x08000fb6   0x00000002   PAD
    0x08000fb8   0x08000fb8   0x00000028   Code   RO          262    .text.HAL_CAN_GetTxMailboxesFreeLevel  stm32f4xx_hal_can.o
    0x08000fe0   0x08000fe0   0x00000242   Code   RO          276    .text.HAL_CAN_IRQHandler  stm32f4xx_hal_can.o
    0x08001222   0x08001222   0x00000002   PAD
    0x08001224   0x08001224   0x000000f4   Code   RO          238    .text.HAL_CAN_Init  stm32f4xx_hal_can.o
    0x08001318   0x08001318   0x0000011c   Code   RO           96    .text.HAL_CAN_MspInit  can.o
    0x08001434   0x08001434   0x00000002   Code   RO          290    .text.HAL_CAN_RxFifo0FullCallback  stm32f4xx_hal_can.o
    0x08001436   0x08001436   0x00000002   PAD
    0x08001438   0x08001438   0x0000005e   Code   RO          209    .text.HAL_CAN_RxFifo0MsgPendingCallback  can_receive.o
    0x08001496   0x08001496   0x00000002   PAD
    0x08001498   0x08001498   0x00000002   Code   RO          294    .text.HAL_CAN_RxFifo1FullCallback  stm32f4xx_hal_can.o
    0x0800149a   0x0800149a   0x00000002   PAD
    0x0800149c   0x0800149c   0x00000160   Code   RO           13    .text.HAL_CAN_RxFifo1MsgPendingCallback  main.o
    0x080015fc   0x080015fc   0x00000002   Code   RO          298    .text.HAL_CAN_SleepCallback  stm32f4xx_hal_can.o
    0x080015fe   0x080015fe   0x00000002   PAD
    0x08001600   0x08001600   0x0000005a   Code   RO          250    .text.HAL_CAN_Start  stm32f4xx_hal_can.o
    0x0800165a   0x0800165a   0x00000002   PAD
    0x0800165c   0x0800165c   0x0000005e   Code   RO          244    .text.HAL_CAN_Stop  stm32f4xx_hal_can.o
    0x080016ba   0x080016ba   0x00000002   PAD
    0x080016bc   0x080016bc   0x00000002   Code   RO          280    .text.HAL_CAN_TxMailbox0AbortCallback  stm32f4xx_hal_can.o
    0x080016be   0x080016be   0x00000002   PAD
    0x080016c0   0x080016c0   0x00000002   Code   RO          278    .text.HAL_CAN_TxMailbox0CompleteCallback  stm32f4xx_hal_can.o
    0x080016c2   0x080016c2   0x00000002   PAD
    0x080016c4   0x080016c4   0x00000002   Code   RO          284    .text.HAL_CAN_TxMailbox1AbortCallback  stm32f4xx_hal_can.o
    0x080016c6   0x080016c6   0x00000002   PAD
    0x080016c8   0x080016c8   0x00000002   Code   RO          282    .text.HAL_CAN_TxMailbox1CompleteCallback  stm32f4xx_hal_can.o
    0x080016ca   0x080016ca   0x00000002   PAD
    0x080016cc   0x080016cc   0x00000002   Code   RO          288    .text.HAL_CAN_TxMailbox2AbortCallback  stm32f4xx_hal_can.o
    0x080016ce   0x080016ce   0x00000002   PAD
    0x080016d0   0x080016d0   0x00000002   Code   RO          286    .text.HAL_CAN_TxMailbox2CompleteCallback  stm32f4xx_hal_can.o
    0x080016d2   0x080016d2   0x00000002   PAD
    0x080016d4   0x080016d4   0x00000002   Code   RO          300    .text.HAL_CAN_WakeUpFromRxMsgCallback  stm32f4xx_hal_can.o
    0x080016d6   0x080016d6   0x00000002   PAD
    0x080016d8   0x080016d8   0x0000008a   Code   RO          474    .text.HAL_DMA_Abort  stm32f4xx_hal_dma.o
    0x08001762   0x08001762   0x00000002   PAD
    0x08001764   0x08001764   0x00000024   Code   RO          476    .text.HAL_DMA_Abort_IT  stm32f4xx_hal_dma.o
    0x08001788   0x08001788   0x00000188   Code   RO          480    .text.HAL_DMA_IRQHandler  stm32f4xx_hal_dma.o
    0x08001910   0x08001910   0x0000013e   Code   RO          466    .text.HAL_DMA_Init  stm32f4xx_hal_dma.o
    0x08001a4e   0x08001a4e   0x00000002   PAD
    0x08001a50   0x08001a50   0x000000ac   Code   RO          472    .text.HAL_DMA_Start_IT  stm32f4xx_hal_dma.o
    0x08001afc   0x08001afc   0x00000028   Code   RO          627    .text.HAL_Delay     stm32f4xx_hal.o
    0x08001b24   0x08001b24   0x00000190   Code   RO          428    .text.HAL_GPIO_Init  stm32f4xx_hal_gpio.o
    0x08001cb4   0x08001cb4   0x0000000c   Code   RO          619    .text.HAL_GetTick   stm32f4xx_hal.o
    0x08001cc0   0x08001cc0   0x0000001a   Code   RO          617    .text.HAL_IncTick   stm32f4xx_hal.o
    0x08001cda   0x08001cda   0x00000002   PAD
    0x08001cdc   0x08001cdc   0x00000036   Code   RO          607    .text.HAL_Init      stm32f4xx_hal.o
    0x08001d12   0x08001d12   0x00000002   PAD
    0x08001d14   0x08001d14   0x00000050   Code   RO          609    .text.HAL_InitTick  stm32f4xx_hal.o
    0x08001d64   0x08001d64   0x00000038   Code   RO          177    .text.HAL_MspInit   stm32f4xx_hal_msp.o
    0x08001d9c   0x08001d9c   0x00000022   Code   RO          565    .text.HAL_NVIC_EnableIRQ  stm32f4xx_hal_cortex.o
    0x08001dbe   0x08001dbe   0x00000002   PAD
    0x08001dc0   0x08001dc0   0x00000056   Code   RO          563    .text.HAL_NVIC_SetPriority  stm32f4xx_hal_cortex.o
    0x08001e16   0x08001e16   0x00000002   PAD
    0x08001e18   0x08001e18   0x00000020   Code   RO          561    .text.HAL_NVIC_SetPriorityGrouping  stm32f4xx_hal_cortex.o
    0x08001e38   0x08001e38   0x00000158   Code   RO          322    .text.HAL_RCC_ClockConfig  stm32f4xx_hal_rcc.o
    0x08001f90   0x08001f90   0x00000026   Code   RO          334    .text.HAL_RCC_GetPCLK1Freq  stm32f4xx_hal_rcc.o
    0x08001fb6   0x08001fb6   0x00000002   PAD
    0x08001fb8   0x08001fb8   0x00000026   Code   RO          336    .text.HAL_RCC_GetPCLK2Freq  stm32f4xx_hal_rcc.o
    0x08001fde   0x08001fde   0x00000002   PAD
    0x08001fe0   0x08001fe0   0x0000006a   Code   RO          324    .text.HAL_RCC_GetSysClockFreq  stm32f4xx_hal_rcc.o
    0x0800204a   0x0800204a   0x00000002   PAD
    0x0800204c   0x0800204c   0x00000306   Code   RO          320    .text.HAL_RCC_OscConfig  stm32f4xx_hal_rcc.o
    0x08002352   0x08002352   0x00000002   PAD
    0x08002354   0x08002354   0x0000002c   Code   RO          573    .text.HAL_SYSTICK_Config  stm32f4xx_hal_cortex.o
    0x08002380   0x08002380   0x00000078   Code   RO          742    .text.HAL_UART_DMAStop  stm32f4xx_hal_uart.o
    0x080023f8   0x080023f8   0x0000006e   Code   RO           17    .text.HAL_UART_ErrorCallback  main.o
    0x08002466   0x08002466   0x00000002   PAD
    0x08002468   0x08002468   0x00000180   Code   RO          770    .text.HAL_UART_IRQHandler  stm32f4xx_hal_uart.o
    0x080025e8   0x080025e8   0x0000005e   Code   RO          700    .text.HAL_UART_Init  stm32f4xx_hal_uart.o
    0x08002646   0x08002646   0x00000002   PAD
    0x08002648   0x08002648   0x000001de   Code   RO          126    .text.HAL_UART_MspInit  usart.o
    0x08002826   0x08002826   0x00000002   PAD
    0x08002828   0x08002828   0x000000ae   Code   RO          732    .text.HAL_UART_Receive_DMA  stm32f4xx_hal_uart.o
    0x080028d6   0x080028d6   0x00000002   PAD
    0x080028d8   0x080028d8   0x00000054   Code   RO          722    .text.HAL_UART_Receive_IT  stm32f4xx_hal_uart.o
    0x0800292c   0x0800292c   0x0000051c   Code   RO           15    .text.HAL_UART_RxCpltCallback  main.o
    0x08002e48   0x08002e48   0x00000002   Code   RO          784    .text.HAL_UART_RxHalfCpltCallback  stm32f4xx_hal_uart.o
    0x08002e4a   0x08002e4a   0x00000002   PAD
    0x08002e4c   0x08002e4c   0x00000136   Code   RO          716    .text.HAL_UART_Transmit  stm32f4xx_hal_uart.o
    0x08002f82   0x08002f82   0x00000002   PAD
    0x08002f84   0x08002f84   0x00000002   Code   RO          778    .text.HAL_UART_TxCpltCallback  stm32f4xx_hal_uart.o
    0x08002f86   0x08002f86   0x00000002   PAD
    0x08002f88   0x08002f88   0x00000002   Code   RO          144    .text.HardFault_Handler  stm32f4xx_it.o
    0x08002f8a   0x08002f8a   0x00000002   PAD
    0x08002f8c   0x08002f8c   0x00000040   Code   RO           92    .text.MX_CAN1_Init  can.o
    0x08002fcc   0x08002fcc   0x00000040   Code   RO           94    .text.MX_CAN2_Init  can.o
    0x0800300c   0x0800300c   0x00000038   Code   RO          111    .text.MX_DMA_Init   dma.o
    0x08003044   0x08003044   0x00000088   Code   RO           84    .text.MX_GPIO_Init  gpio.o
    0x080030cc   0x080030cc   0x0000003c   Code   RO          120    .text.MX_USART1_UART_Init  usart.o
    0x08003108   0x08003108   0x00000046   Code   RO          122    .text.MX_USART3_UART_Init  usart.o
    0x0800314e   0x0800314e   0x00000002   PAD
    0x08003150   0x08003150   0x0000003c   Code   RO          124    .text.MX_USART6_UART_Init  usart.o
    0x0800318c   0x0800318c   0x00000002   Code   RO          146    .text.MemManage_Handler  stm32f4xx_it.o
    0x0800318e   0x0800318e   0x00000002   PAD
    0x08003190   0x08003190   0x00000002   Code   RO          142    .text.NMI_Handler   stm32f4xx_it.o
    0x08003192   0x08003192   0x00000002   PAD
    0x08003194   0x08003194   0x00000002   Code   RO          156    .text.PendSV_Handler  stm32f4xx_it.o
    0x08003196   0x08003196   0x00000002   PAD
    0x08003198   0x08003198   0x00000002   Code   RO          152    .text.SVC_Handler   stm32f4xx_it.o
    0x0800319a   0x0800319a   0x00000002   PAD
    0x0800319c   0x0800319c   0x00000004   Code   RO          158    .text.SysTick_Handler  stm32f4xx_it.o
    0x080031a0   0x080031a0   0x00000056   Code   RO          185    .text.SystemInit    system_stm32f4xx.o
    0x080031f6   0x080031f6   0x00000002   PAD
    0x080031f8   0x080031f8   0x0000000c   Code   RO          774    .text.UART_DMAAbortOnError  stm32f4xx_hal_uart.o
    0x08003204   0x08003204   0x0000005c   Code   RO          730    .text.UART_DMAError  stm32f4xx_hal_uart.o
    0x08003260   0x08003260   0x00000036   Code   RO          734    .text.UART_DMAReceiveCplt  stm32f4xx_hal_uart.o
    0x08003296   0x08003296   0x00000002   PAD
    0x08003298   0x08003298   0x00000006   Code   RO          736    .text.UART_DMARxHalfCplt  stm32f4xx_hal_uart.o
    0x0800329e   0x0800329e   0x00000002   PAD
    0x080032a0   0x080032a0   0x00000076   Code   RO          772    .text.UART_Receive_IT  stm32f4xx_hal_uart.o
    0x08003316   0x08003316   0x00000002   PAD
    0x08003318   0x08003318   0x00000254   Code   RO          704    .text.UART_SetConfig  stm32f4xx_hal_uart.o
    0x0800356c   0x0800356c   0x0000000c   Code   RO          164    .text.USART1_IRQHandler  stm32f4xx_it.o
    0x08003578   0x08003578   0x00000016   Code   RO          166    .text.USART3_IRQHandler  stm32f4xx_it.o
    0x0800358e   0x0800358e   0x00000002   PAD
    0x08003590   0x08003590   0x00000002   Code   RO          150    .text.UsageFault_Handler  stm32f4xx_it.o
    0x08003592   0x08003592   0x00000002   PAD
    0x08003594   0x08003594   0x00000088   Code   RO           23    .text.ZDT42_Stop    main.o
    0x0800361c   0x0800361c   0x00000062   Code   RO          200    .text.can_filter_init  bsp_can.o
    0x0800367e   0x0800367e   0x00000002   PAD
    0x08003680   0x08003680   0x000002b0   Code   RO           31    .text.chassis_speed_set  main.o
    0x08003930   0x08003930   0x00000016   Code   RO          223    .text.get_chassis_motor_measure_point  can_receive.o
    0x08003946   0x08003946   0x00000002   PAD
    0x08003948   0x08003948   0x0000000a   Code   RO          810    .text.get_i6x_point  i6x.o
    0x08003952   0x08003952   0x00000002   PAD
    0x08003954   0x08003954   0x00000044   Code   RO          821    .text.i6x_remote_init  i6x_receive.o
    0x08003998   0x08003998   0x00000068   Code   RO          823    .text.i6x_remote_uart_idle_handler  i6x_receive.o
    0x08003a00   0x08003a00   0x00001334   Code   RO           19    .text.main          main.o
    0x08004d34   0x08004d34   0x00000178   Code   RO          808    .text.sbus_to_i6x   i6x.o
    0x08004eac   0x08004eac   0x0000002c   Code   RO          932    locale$$code        c_w.l(lc_ctype_c.o)
    0x08004ed8   0x08004ed8   0x0000001a   Code   RO         1020    x$fpl$fpinit        fz_wm.l(fpinit.o)
    0x08004ef2   0x08004ef2   0x00000010   Data   RO          190    .rodata.AHBPrescTable  system_stm32f4xx.o
    0x08004f02   0x08004f02   0x00000008   Data   RO          191    .rodata.APBPrescTable  system_stm32f4xx.o
    0x08004f0a   0x08004f0a   0x00000008   Data   RO          490    .rodata.cst8        stm32f4xx_hal_dma.o
    0x08004f12   0x08004f12   0x00000071   Data   RO           74    .rodata.str1.1      main.o
    0x08004f83   0x08004f83   0x00000001   PAD
    0x08004f84   0x08004f84   0x00000020   Data   RO         1081    Region$$Table       anon$$obj.o
    0x08004fa4   0x08004fa4   0x00000110   Data   RO          931    locale$$data        c_w.l(lc_ctype_c.o)


    Execution Region RW_IRAM1 (Exec base: 0x20000000, Load base: 0x080050b8, Size: 0x000009a0, Max: 0x00020000, ABSOLUTE)

    Exec Addr    Load Addr    Size         Type   Attr      Idx    E Section Name        Object

    0x20000000   0x080050b8   0x00000004   Data   RW          189    .data.SystemCoreClock  system_stm32f4xx.o
    0x20000004   0x080050bc   0x00000001   Data   RW          662    .data.uwTickFreq    stm32f4xx_hal.o
    0x20000005   0x080050bd   0x00000003   PAD
    0x20000008   0x080050c0   0x00000004   Data   RW          661    .data.uwTickPrio    stm32f4xx_hal.o
    0x2000000c   0x080050c4   0x00000004   PAD
    0x20000010        -       0x00000060   Zero   RW          897    .bss                c_w.l(libspace.o)
    0x20000070        -       0x00000004   Zero   RW           70    .bss.DM_Remote_Control.last_dm_tick  main.o
    0x20000074        -       0x00000004   Zero   RW           68    .bss.DM_Vision_Control.last_dm_tick  main.o
    0x20000078        -       0x00000004   Zero   RW          102    .bss.HAL_RCC_CAN1_CLK_ENABLED  can.o
    0x2000007c        -       0x00000004   Zero   RW           73    .bss.Telemetry_Send_DM3.last_tx_tick  main.o
    0x20000080        -       0x00000004   Zero   RW           72    .bss.ZDT42_Remote_Control.last_zdt42_tick  main.o
    0x20000084        -       0x00000004   Zero   RW           71    .bss.ZDT57_Remote_Control.last_zdt_tick  main.o
    0x20000088        -       0x00000008   Zero   RW          229    .bss.chassis_can_send_data  can_receive.o
    0x20000090        -       0x00000018   Zero   RW          228    .bss.chassis_tx_message  can_receive.o
    0x200000a8        -       0x00000001   Zero   RW           36    .bss.current_control_source  main.o
    0x200000a9   0x080050c4   0x00000003   PAD
    0x200000ac        -       0x00000024   Zero   RW           39    .bss.dm3_feedback   main.o
    0x200000d0        -       0x00000004   Zero   RW           64    .bss.dm_right_last_target_pos  main.o
    0x200000d4        -       0x00000001   Zero   RW           66    .bss.dm_right_manual_hold_active  main.o
    0x200000d5   0x080050c4   0x00000003   PAD
    0x200000d8        -       0x00000004   Zero   RW           67    .bss.dm_right_manual_last_tick  main.o
    0x200000dc        -       0x00000004   Zero   RW           65    .bss.dm_right_manual_target_pos  main.o
    0x200000e0        -       0x00000018   Zero   RW           62    .bss.dm_tx_header   main.o
    0x200000f8        -       0x00000004   Zero   RW           63    .bss.dm_tx_mailbox  main.o
    0x200000fc        -       0x00000028   Zero   RW          100    .bss.hcan1          can.o
    0x20000124        -       0x00000028   Zero   RW          101    .bss.hcan2          can.o
    0x2000014c        -       0x00000060   Zero   RW          133    .bss.hdma_usart3_rx  usart.o
    0x200001ac        -       0x00000040   Zero   RW          130    .bss.huart1         usart.o
    0x200001ec        -       0x00000040   Zero   RW          131    .bss.huart3         usart.o
    0x2000022c        -       0x00000040   Zero   RW          132    .bss.huart6         usart.o
    0x2000026c        -       0x00000012   Zero   RW          812    .bss.i6x_ctrl       i6x.o
    0x2000027e        -       0x00000001   Zero   RW           69    .bss.log_disc_cmd_enabled  main.o
    0x2000027f   0x080050c4   0x00000001   PAD
    0x20000280        -       0x00000004   Zero   RW           54    .bss.log_lf_target_rpm  main.o
    0x20000284        -       0x00000004   Zero   RW           56    .bss.log_lr_target_rpm  main.o
    0x20000288        -       0x00000004   Zero   RW           55    .bss.log_rf_target_rpm  main.o
    0x2000028c        -       0x00000004   Zero   RW           57    .bss.log_rr_target_rpm  main.o
    0x20000290        -       0x00000001   Zero   RW           60    .bss.log_zdt42_cmd_enabled  main.o
    0x20000291   0x080050c4   0x00000001   PAD
    0x20000292        -       0x00000002   Zero   RW           61    .bss.log_zdt42_cmd_speed_x10  main.o
    0x20000294        -       0x00000046   Zero   RW          225    .bss.motor_chassis  can_receive.o
    0x200002da   0x080050c4   0x00000002   PAD
    0x200002dc        -       0x00000004   Zero   RW           46    .bss.pid_lf.4       main.o
    0x200002e0        -       0x00000004   Zero   RW           47    .bss.pid_lf.5       main.o
    0x200002e4        -       0x00000004   Zero   RW           50    .bss.pid_lr.4       main.o
    0x200002e8        -       0x00000004   Zero   RW           51    .bss.pid_lr.5       main.o
    0x200002ec        -       0x00000004   Zero   RW           48    .bss.pid_rf.4       main.o
    0x200002f0        -       0x00000004   Zero   RW           49    .bss.pid_rf.5       main.o
    0x200002f4        -       0x00000004   Zero   RW           52    .bss.pid_rr.4       main.o
    0x200002f8        -       0x00000004   Zero   RW           53    .bss.pid_rr.5       main.o
    0x200002fc        -       0x00000004   Zero   RW           38    .bss.rc_last_active_tick  main.o
    0x20000300        -       0x00000019   Zero   RW          825    .bss.sbus_rx_buf    i6x_receive.o
    0x20000319   0x080050c4   0x00000003   PAD
    0x2000031c        -       0x00000004   Zero   RW          663    .bss.uwTick         stm32f4xx_hal.o
    0x20000320        -       0x00000001   Zero   RW           41    .bss.vision_disc_enabled  main.o
    0x20000321   0x080050c4   0x00000003   PAD
    0x20000324        -       0x00000004   Zero   RW           44    .bss.vision_last_cmd_tick  main.o
    0x20000328        -       0x00000004   Zero   RW           45    .bss.vision_last_gesture_tick  main.o
    0x2000032c        -       0x00000004   Zero   RW           42    .bss.vision_left_rpm  main.o
    0x20000330        -       0x00000001   Zero   RW           37    .bss.vision_mode_active  main.o
    0x20000331   0x080050c4   0x00000003   PAD
    0x20000334        -       0x00000004   Zero   RW           43    .bss.vision_right_rpm  main.o
    0x20000338        -       0x00000004   Zero   RW           40    .bss.vision_right_target_pos  main.o
    0x2000033c        -       0x00000040   Zero   RW           35    .bss.vision_uart_line  main.o
    0x2000037c        -       0x00000001   Zero   RW           34    .bss.vision_uart_line_len  main.o
    0x2000037d        -       0x00000001   Zero   RW           33    .bss.vision_uart_rx_byte  main.o
    0x2000037e   0x080050c4   0x00000002   PAD
    0x20000380        -       0x00000018   Zero   RW           58    .bss.zdt_tx_header  main.o
    0x20000398        -       0x00000004   Zero   RW           59    .bss.zdt_tx_mailbox  main.o
    0x2000039c   0x080050c4   0x00000004   PAD
    0x200003a0        -       0x00000200   Zero   RW            2    HEAP                startup_stm32f407xx.o
    0x200005a0        -       0x00000400   Zero   RW            1    STACK               startup_stm32f407xx.o


==============================================================================

Image component sizes


      Code (inc. data)   RO Data    RW Data    ZI Data      Debug   Object Name

        98          0          0          0          0       1536   bsp_can.o
       412          0          0          0         84       6914   can.o
       220          0          0          0        102       5349   can_receive.o
        56          0          0          0          0       3467   dma.o
       136          0          0          0          0       1536   gpio.o
       386          0          0          0         18       1643   i6x.o
       172          0          0          0         25       1791   i6x_receive.o
      8270        296        113          0        270      42074   main.o
        64         26        392          0       1536        856   startup_stm32f407xx.o
       212          0          0          5          4       7236   stm32f4xx_hal.o
      1850          6          0          0          0      13573   stm32f4xx_hal_can.o
       196          0          0          0          0      10446   stm32f4xx_hal_cortex.o
      1056          4          8          0          0       9770   stm32f4xx_hal_dma.o
       400          0          0          0          0       5074   stm32f4xx_hal_gpio.o
        56          0          0          0          0       1458   stm32f4xx_hal_msp.o
      1300          4          0          0          0       7281   stm32f4xx_hal_rcc.o
      2048          0          0          0          0      18881   stm32f4xx_hal_uart.o
        90          0          0          0          0       6042   stm32f4xx_it.o
        86          0         24          4          0       2733   system_stm32f4xx.o
       668          0          0          0        288       7593   usart.o

    ----------------------------------------------------------------------
     17888        336        570         12       2356     155253   Object Totals
         0          0         32          0          0          0   (incl. Generated)
       112          0          1          3         29          0   (incl. Padding)

    ----------------------------------------------------------------------

      Code (inc. data)   RO Data    RW Data    ZI Data      Debug   Library Member Name

        64          6          0          0          0         84   __2snprintf.o
         8          0          0          0          0         68   __main.o
       184          0          0          0          0         84   __printf_ss.o
         0          0          0          0          0          0   __rtentry.o
        12          0          0          0          0          0   __rtentry2.o
         6          0          0          0          0          0   __rtentry4.o
        94          8          0          0          0          0   __scatter.o
        26          0          0          0          0          0   __scatter_copy.o
        28          0          0          0          0          0   __scatter_zi.o
        28          0          0          0          0         68   _chval.o
        48          6          0          0          0         96   _printf_char_common.o
         6          0          0          0          0          0   _printf_d.o
       120         16          0          0          0         92   _printf_dec.o
       178          0          0          0          0         88   _printf_intcommon.o
         0          0          0          0          0          0   _printf_percent.o
         4          0          0          0          0          0   _printf_percent_end.o
         6          0          0          0          0          0   _printf_u.o
        16          0          0          0          0         68   _snputc.o
       158          0          0          0          0         92   _strtoul.o
        26          0          0          0          0         80   atoi.o
        18          0          0          0          0         80   exit.o
         6          0          0          0          0        152   heapauxi.o
         0          0          0          0          0          0   indicate_semi.o
        44         10        272          0          0         76   lc_ctype_c.o
         2          0          0          0          0          0   libinit.o
        24          0          0          0          0          0   libinit2.o
         2          0          0          0          0          0   libshutdown.o
         2          0          0          0          0          0   libshutdown2.o
         8          4          0          0         96         68   libspace.o
       240          0          0          0          0        100   lludivv7m.o
        88          0          0          0          0         76   memcmp.o
        16          4          0          0          0         76   rt_ctype_table.o
         8          4          0          0          0         68   rt_errno_addr_intlibspace.o
         8          4          0          0          0         68   rt_locale_intlibspace.o
        78          0          0          0          0         80   rt_memclr_w.o
         2          0          0          0          0          0   rtexit.o
        10          0          0          0          0          0   rtexit2.o
       124          0          0          0          0         88   strcmpv7em.o
       112          0          0          0          0         88   strtol.o
        12          4          0          0          0         68   sys_exit.o
        74          0          0          0          0         80   sys_stackheap_outer.o
         2          0          0          0          0         68   use_no_semi.o
        26          0          0          0          0        116   fpinit.o

    ----------------------------------------------------------------------
      1930         66        272          0         96       2172   Library Totals
        12          0          0          0          0          0   (incl. Padding)

    ----------------------------------------------------------------------

      Code (inc. data)   RO Data    RW Data    ZI Data      Debug   Library Name

      1892         66        272          0         96       2056   c_w.l
        26          0          0          0          0        116   fz_wm.l

    ----------------------------------------------------------------------
      1930         66        272          0         96       2172   Library Totals

    ----------------------------------------------------------------------

==============================================================================


      Code (inc. data)   RO Data    RW Data    ZI Data      Debug   

     19818        402        842         12       2452     156041   Grand Totals
     19818        402        842         12       2452     156041   ELF Image Totals
     19818        402        842         12          0          0   ROM Totals

==============================================================================

    Total RO  Size (Code + RO Data)                20660 (  20.18kB)
    Total RW  Size (RW Data + ZI Data)              2464 (   2.41kB)
    Total ROM Size (Code + RO Data + RW Data)      20672 (  20.19kB)

==============================================================================

